Archive member included to satisfy reference by file (symbol)

C:/ST/STM32CubeIDE_1.16.1/STM32CubeIDE/plugins/com.st.stm32cube.ide.mcu.externaltools.gnu-tools-for-stm32.12.3.rel1.win32_1.0.200.202406191623/tools/bin/../lib/gcc/arm-none-eabi/12.3.1/../../../../arm-none-eabi/lib/thumb/v7e-m+fp/hard\libc_nano.a(libc_a-exit.o)
                              C:/ST/STM32CubeIDE_1.16.1/STM32CubeIDE/plugins/com.st.stm32cube.ide.mcu.externaltools.gnu-tools-for-stm32.12.3.rel1.win32_1.0.200.202406191623/tools/bin/../lib/gcc/arm-none-eabi/12.3.1/../../../../arm-none-eabi/lib/thumb/v7e-m+fp/hard/crt0.o (exit)
C:/ST/STM32CubeIDE_1.16.1/STM32CubeIDE/plugins/com.st.stm32cube.ide.mcu.externaltools.gnu-tools-for-stm32.12.3.rel1.win32_1.0.200.202406191623/tools/bin/../lib/gcc/arm-none-eabi/12.3.1/../../../../arm-none-eabi/lib/thumb/v7e-m+fp/hard\libc_nano.a(libc_a-findfp.o)
                              C:/ST/STM32CubeIDE_1.16.1/STM32CubeIDE/plugins/com.st.stm32cube.ide.mcu.externaltools.gnu-tools-for-stm32.12.3.rel1.win32_1.0.200.202406191623/tools/bin/../lib/gcc/arm-none-eabi/12.3.1/../../../../arm-none-eabi/lib/thumb/v7e-m+fp/hard\libc_nano.a(libc_a-exit.o) (__stdio_exit_handler)
C:/ST/STM32CubeIDE_1.16.1/STM32CubeIDE/plugins/com.st.stm32cube.ide.mcu.externaltools.gnu-tools-for-stm32.12.3.rel1.win32_1.0.200.202406191623/tools/bin/../lib/gcc/arm-none-eabi/12.3.1/../../../../arm-none-eabi/lib/thumb/v7e-m+fp/hard\libc_nano.a(libc_a-fwalk.o)
                              C:/ST/STM32CubeIDE_1.16.1/STM32CubeIDE/plugins/com.st.stm32cube.ide.mcu.externaltools.gnu-tools-for-stm32.12.3.rel1.win32_1.0.200.202406191623/tools/bin/../lib/gcc/arm-none-eabi/12.3.1/../../../../arm-none-eabi/lib/thumb/v7e-m+fp/hard\libc_nano.a(libc_a-findfp.o) (_fwalk_sglue)
C:/ST/STM32CubeIDE_1.16.1/STM32CubeIDE/plugins/com.st.stm32cube.ide.mcu.externaltools.gnu-tools-for-stm32.12.3.rel1.win32_1.0.200.202406191623/tools/bin/../lib/gcc/arm-none-eabi/12.3.1/../../../../arm-none-eabi/lib/thumb/v7e-m+fp/hard\libc_nano.a(libc_a-stdio.o)
                              C:/ST/STM32CubeIDE_1.16.1/STM32CubeIDE/plugins/com.st.stm32cube.ide.mcu.externaltools.gnu-tools-for-stm32.12.3.rel1.win32_1.0.200.202406191623/tools/bin/../lib/gcc/arm-none-eabi/12.3.1/../../../../arm-none-eabi/lib/thumb/v7e-m+fp/hard\libc_nano.a(libc_a-findfp.o) (__sread)
C:/ST/STM32CubeIDE_1.16.1/STM32CubeIDE/plugins/com.st.stm32cube.ide.mcu.externaltools.gnu-tools-for-stm32.12.3.rel1.win32_1.0.200.202406191623/tools/bin/../lib/gcc/arm-none-eabi/12.3.1/../../../../arm-none-eabi/lib/thumb/v7e-m+fp/hard\libc_nano.a(libc_a-memset.o)
                              C:/ST/STM32CubeIDE_1.16.1/STM32CubeIDE/plugins/com.st.stm32cube.ide.mcu.externaltools.gnu-tools-for-stm32.12.3.rel1.win32_1.0.200.202406191623/tools/bin/../lib/gcc/arm-none-eabi/12.3.1/../../../../arm-none-eabi/lib/thumb/v7e-m+fp/hard/crt0.o (memset)
C:/ST/STM32CubeIDE_1.16.1/STM32CubeIDE/plugins/com.st.stm32cube.ide.mcu.externaltools.gnu-tools-for-stm32.12.3.rel1.win32_1.0.200.202406191623/tools/bin/../lib/gcc/arm-none-eabi/12.3.1/../../../../arm-none-eabi/lib/thumb/v7e-m+fp/hard\libc_nano.a(libc_a-closer.o)
                              C:/ST/STM32CubeIDE_1.16.1/STM32CubeIDE/plugins/com.st.stm32cube.ide.mcu.externaltools.gnu-tools-for-stm32.12.3.rel1.win32_1.0.200.202406191623/tools/bin/../lib/gcc/arm-none-eabi/12.3.1/../../../../arm-none-eabi/lib/thumb/v7e-m+fp/hard\libc_nano.a(libc_a-stdio.o) (_close_r)
C:/ST/STM32CubeIDE_1.16.1/STM32CubeIDE/plugins/com.st.stm32cube.ide.mcu.externaltools.gnu-tools-for-stm32.12.3.rel1.win32_1.0.200.202406191623/tools/bin/../lib/gcc/arm-none-eabi/12.3.1/../../../../arm-none-eabi/lib/thumb/v7e-m+fp/hard\libc_nano.a(libc_a-reent.o)
                              C:/ST/STM32CubeIDE_1.16.1/STM32CubeIDE/plugins/com.st.stm32cube.ide.mcu.externaltools.gnu-tools-for-stm32.12.3.rel1.win32_1.0.200.202406191623/tools/bin/../lib/gcc/arm-none-eabi/12.3.1/../../../../arm-none-eabi/lib/thumb/v7e-m+fp/hard\libc_nano.a(libc_a-closer.o) (errno)
C:/ST/STM32CubeIDE_1.16.1/STM32CubeIDE/plugins/com.st.stm32cube.ide.mcu.externaltools.gnu-tools-for-stm32.12.3.rel1.win32_1.0.200.202406191623/tools/bin/../lib/gcc/arm-none-eabi/12.3.1/../../../../arm-none-eabi/lib/thumb/v7e-m+fp/hard\libc_nano.a(libc_a-impure.o)
                              C:/ST/STM32CubeIDE_1.16.1/STM32CubeIDE/plugins/com.st.stm32cube.ide.mcu.externaltools.gnu-tools-for-stm32.12.3.rel1.win32_1.0.200.202406191623/tools/bin/../lib/gcc/arm-none-eabi/12.3.1/../../../../arm-none-eabi/lib/thumb/v7e-m+fp/hard\libc_nano.a(libc_a-reent.o) (_impure_ptr)
C:/ST/STM32CubeIDE_1.16.1/STM32CubeIDE/plugins/com.st.stm32cube.ide.mcu.externaltools.gnu-tools-for-stm32.12.3.rel1.win32_1.0.200.202406191623/tools/bin/../lib/gcc/arm-none-eabi/12.3.1/../../../../arm-none-eabi/lib/thumb/v7e-m+fp/hard\libc_nano.a(libc_a-lseekr.o)
[...]
Memory Configuration

Name             Origin             Length             Attributes
CCMRAM           0x10000000         0x00010000         xrw
RAM              0x20000000         0x00020000         xrw
FLASH            0x08000000         0x00100000         xr
*default*        0x00000000         0xffffffff

Linker script and memory map

LOAD C:/ST/STM32CubeIDE_1.16.1/STM32CubeIDE/plugins/com.st.stm32cube.ide.mcu.externaltools.gnu-tools-for-stm32.12.3.rel1.win32_1.0.200.202406191623/tools/bin/../lib/gcc/arm-none-eabi/12.3.1/thumb/v7e-m+fp/hard/crti.o
LOAD C:/ST/STM32CubeIDE_1.16.1/STM32CubeIDE/plugins/com.st.stm32cube.ide.mcu.externaltools.gnu-tools-for-stm32.12.3.rel1.win32_1.0.200.202406191623/tools/bin/../lib/gcc/arm-none-eabi/12.3.1/thumb/v7e-m+fp/hard/crtbegin.o
LOAD C:/ST/STM32CubeIDE_1.16.1/STM32CubeIDE/plugins/com.st.stm32cube.ide.mcu.externaltools.gnu-tools-for-stm32.12.3.rel1.win32_1.0.200.202406191623/tools/bin/../lib/gcc/arm-none-eabi/12.3.1/../../../../arm-none-eabi/lib/thumb/v7e-m+fp/hard/crt0.o
LOAD ./Core/Src/button.o
LOAD ./Core/Src/ds3231.o
LOAD ./Core/Src/fsmc.o
LOAD ./Core/Src/gpio.o
LOAD ./Core/Src/i2c.o
LOAD ./Core/Src/lcd.o
LOAD ./Core/Src/led_7seg.o
LOAD ./Core/Src/main.o
LOAD ./Core/Src/picture.o
LOAD ./Core/Src/software_timer.o
LOAD ./Core/Src/spi.o
LOAD ./Core/Src/stm32f4xx_hal_msp.o
LOAD ./Core/Src/stm32f4xx_it.o
LOAD ./Core/Src/syscalls.o
LOAD ./Core/Src/sysmem.o
LOAD ./Core/Src/system_stm32f4xx.o
LOAD ./Core/Src/tim.o
LOAD ./Core/Src/utils.o
LOAD ./Core/Startup/startup_stm32f407zetx.o
LOAD ./Drivers/STM32F4xx_HAL_Driver/Src/stm32f4xx_hal.o
LOAD ./Drivers/STM32F4xx_HAL_Driver/Src/stm32f4xx_hal_cortex.o
LOAD ./Drivers/STM32F4xx_HAL_Driver/Src/stm32f4xx_hal_dma.o
LOAD ./Drivers/STM32F4xx_HAL_Driver/Src/stm32f4xx_hal_dma_ex.o
LOAD ./Drivers/STM32F4xx_HAL_Driver/Src/stm32f4xx_hal_exti.o
LOAD ./Drivers/STM32F4xx_HAL_Driver/Src/stm32f4xx_hal_flash.o
LOAD ./Drivers/STM32F4xx_HAL_Driver/Src/stm32f4xx_hal_flash_ex.o
LOAD ./Drivers/STM32F4xx_HAL_Driver/Src/stm32f4xx_hal_flash_ramfunc.o
LOAD ./Drivers/STM32F4xx_HAL_Driver/Src/stm32f4xx_hal_gpio.o
LOAD ./Drivers/STM32F4xx_HAL_Driver/Src/stm32f4xx_hal_i2c.o
LOAD ./Drivers/STM32F4xx_HAL_Driver/Src/stm32f4xx_hal_i2c_ex.o
LOAD ./Drivers/STM32F4xx_HAL_Driver/Src/stm32f4xx_hal_pwr.o
LOAD ./Drivers/STM32F4xx_HAL_Driver/Src/stm32f4xx_hal_pwr_ex.o
LOAD ./Drivers/STM32F4xx_HAL_Driver/Src/stm32f4xx_hal_rcc.o
LOAD ./Drivers/STM32F4xx_HAL_Driver/Src/stm32f4xx_hal_rcc_ex.o
LOAD ./Drivers/STM32F4xx_HAL_Driver/Src/stm32f4xx_hal_spi.o
LOAD ./Drivers/STM32F4xx_HAL_Driver/Src/stm32f4xx_hal_sram.o
LOAD ./Drivers/STM32F4xx_HAL_Driver/Src/stm32f4xx_hal_tim.o
LOAD ./Drivers/STM32F4xx_HAL_Driver/Src/stm32f4xx_hal_tim_ex.o
LOAD ./Drivers/STM32F4xx_HAL_Driver/Src/stm32f4xx_ll_fsmc.o
START GROUP
LOAD C:/ST/STM32CubeIDE_1.16.1/STM32CubeIDE/plugins/com.st.stm32cube.ide.mcu.externaltools.gnu-tools-for-stm32.12.3.rel1.win32_1.0.200.202406191623/tools/bin/../lib/gcc/arm-none-eabi/12.3.1/../../../../arm-none-eabi/lib/thumb/v7e-m+fp/hard\libc_nano.a
LOAD C:/ST/STM32CubeIDE_1.16.1/STM32CubeIDE/plugins/com.st.stm32cube.ide.mcu.externaltools.gnu-tools-for-stm32.12.3.rel1.win32_1.0.200.202406191623/tools/bin/../lib/gcc/arm-none-eabi/12.3.1/../../../../arm-none-eabi/lib/thumb/v7e-m+fp/hard\libm.a
END GROUP
START GROUP
LOAD C:/ST/STM32CubeIDE_1.16.1/STM32CubeIDE/plugins/com.st.stm32cube.ide.mcu.externaltools.gnu-tools-for-stm32.12.3.rel1.win32_1.0.200.202406191623/tools/bin/../lib/gcc/arm-none-eabi/12.3.1/thumb/v7e-m+fp/hard\libgcc.a
LOAD C:/ST/STM32CubeIDE_1.16.1/STM32CubeIDE/plugins/com.st.stm32cube.ide.mcu.externaltools.gnu-tools-for-stm32.12.3.rel1.win32_1.0.200.202406191623/tools/bin/../lib/gcc/arm-none-eabi/12.3.1/../../../../arm-none-eabi/lib/thumb/v7e-m+fp/hard\libc_nano.a
END GROUP
START GROUP
LOAD C:/ST/STM32CubeIDE_1.16.1/STM32CubeIDE/plugins/com.st.stm32cube.ide.mcu.externaltools.gnu-tools-for-stm32.12.3.rel1.win32_1.0.200.202406191623/tools/bin/../lib/gcc/arm-none-eabi/12.3.1/thumb/v7e-m+fp/hard\libgcc.a
LOAD C:/ST/STM32CubeIDE_1.16.1/STM32CubeIDE/plugins/com.st.stm32cube.ide.mcu.externaltools.gnu-tools-for-stm32.12.3.rel1.win32_1.0.200.202406191623/tools/bin/../lib/gcc/arm-none-eabi/12.3.1/../../../../arm-none-eabi/lib/thumb/v7e-m+fp/hard\libc_nano.a
LOAD C:/ST/STM32CubeIDE_1.16.1/STM32CubeIDE/plugins/com.st.stm32cube.ide.mcu.externaltools.gnu-tools-for-stm32.12.3.rel1.win32_1.0.200.202406191623/tools/bin/../lib/gcc/arm-none-eabi/12.3.1/../../../../arm-none-eabi/lib/thumb/v7e-m+fp/hard\libnosys.a
END GROUP
START GROUP
LOAD C:/ST/STM32CubeIDE_1.16.1/STM32CubeIDE/plugins/com.st.stm32cube.ide.mcu.externaltools.gnu-tools-for-stm32.12.3.rel1.win32_1.0.200.202406191623/tools/bin/../lib/gcc/arm-none-eabi/12.3.1/thumb/v7e-m+fp/hard\libgcc.a
LOAD C:/ST/STM32CubeIDE_1.16.1/STM32CubeIDE/plugins/com.st.stm32cube.ide.mcu.externaltools.gnu-tools-for-stm32.12.3.rel1.win32_1.0.200.202406191623/tools/bin/../lib/gcc/arm-none-eabi/12.3.1/../../../../arm-none-eabi/lib/thumb/v7e-m+fp/hard\libc_nano.a
LOAD C:/ST/STM32CubeIDE_1.16.1/STM32CubeIDE/plugins/com.st.stm32cube.ide.mcu.externaltools.gnu-tools-for-stm32.12.3.rel1.win32_1.0.200.202406191623/tools/bin/../lib/gcc/arm-none-eabi/12.3.1/../../../../arm-none-eabi/lib/thumb/v7e-m+fp/hard\libnosys.a
END GROUP
LOAD C:/ST/STM32CubeIDE_1.16.1/STM32CubeIDE/plugins/com.st.stm32cube.ide.mcu.externaltools.gnu-tools-for-stm32.12.3.rel1.win32_1.0.200.202406191623/tools/bin/../lib/gcc/arm-none-eabi/12.3.1/thumb/v7e-m+fp/hard/crtend.o
LOAD C:/ST/STM32CubeIDE_1.16.1/STM32CubeIDE/plugins/com.st.stm32cube.ide.mcu.externaltools.gnu-tools-for-stm32.12.3.rel1.win32_1.0.200.202406191623/tools/bin/../lib/gcc/arm-none-eabi/12.3.1/thumb/v7e-m+fp/hard/crtn.o
                0x20020000                        _estack = (ORIGIN (RAM) + LENGTH (RAM))
                0x00000200                        _Min_Heap_Size = 0x200
                0x00000400                        _Min_Stack_Size = 0x400

.isr_vector     0x08000000      0x188
                0x08000000                        . = ALIGN (0x4)
 *(.isr_vector)
 .isr_vector    0x08000000      0x188 ./Core/Startup/startup_stm32f407zetx.o
                0x08000000                g_pfnVectors
                0x08000188                        . = ALIGN (0x4)

.text           0x08000188     0x63f0
                0x08000188                        . = ALIGN (0x4)
 *(.text)
 .text          0x08000188       0x40 C:/ST/STM32CubeIDE_1.16.1/STM32CubeIDE/plugins/com.st.stm32cube.ide.mcu.externaltools.gnu-tools-for-stm32.12.3.rel1.win32_1.0.200.202406191623/tools/bin/../lib/gcc/arm-none-eabi/12.3.1/thumb/v7e-m+fp/hard/crtbegin.o
 .text          0x080001c8       0x30 C:/ST/STM32CubeIDE_1.16.1/STM32CubeIDE/plugins/com.st.stm32cube.ide.mcu.externaltools.gnu-tools-for-stm32.12.3.rel1.win32_1.0.200.202406191623/tools/bin/../lib/gcc/arm-none-eabi/12.3.1/thumb/v7e-m+fp/hard\libgcc.a(_aeabi_uldivmod.o)
                0x080001c8                __aeabi_uldivmod
 .text          0x080001f8      0x2bc C:/ST/STM32CubeIDE_1.16.1/STM32CubeIDE/plugins/com.st.stm32cube.ide.mcu.externaltools.gnu-tools-for-stm32.12.3.rel1.win32_1.0.200.202406191623/tools/bin/../lib/gcc/arm-none-eabi/12.3.1/thumb/v7e-m+fp/hard\libgcc.a(_udivmoddi4.o)
                0x080001f8                __udivmoddi4
 .text          0x080004b4        0x4 C:/ST/STM32CubeIDE_1.16.1/STM32CubeIDE/plugins/com.st.stm32cube.ide.mcu.externaltools.gnu-tools-for-stm32.12.3.rel1.win32_1.0.200.202406191623/tools/bin/../lib/gcc/arm-none-eabi/12.3.1/thumb/v7e-m+fp/hard\libgcc.a(_dvmd_tls.o)
                0x080004b4                __aeabi_idiv0
                0x080004b4                __aeabi_ldiv0
 *(.text*)
 .text.button_init
                0x080004b8       0x18 ./Core/Src/button.o
                0x080004b8                button_init
 .text.button_Scan
                0x080004d0       0xd8 ./Core/Src/button.o
                0x080004d0                button_Scan
 .text.ds3231_init
                0x080005a8       0x88 ./Core/Src/ds3231.o
                0x080005a8                ds3231_init
 .text.ds3231_Write
                0x08000630       0x44 ./Core/Src/ds3231.o
                0x08000630                ds3231_Write
 .text.ds3231_ReadTime
                0x08000674       0xc8 ./Core/Src/ds3231.o
                0x08000674                ds3231_ReadTime
 .text.MX_FSMC_Init
                0x0800073c       0xf4 ./Core/Src/fsmc.o
                0x0800073c                MX_FSMC_Init
 .text.HAL_FSMC_MspInit
                0x08000830       0x98 ./Core/Src/fsmc.o
 .text.HAL_SRAM_MspInit
                0x080008c8       0x14 ./Core/Src/fsmc.o
                0x080008c8                HAL_SRAM_MspInit
 .text.MX_GPIO_Init
                0x080008dc      0x1f0 ./Core/Src/gpio.o
                0x080008dc                MX_GPIO_Init
 .text.MX_I2C1_Init
                0x08000acc       0x5c ./Core/Src/i2c.o
                0x08000acc                MX_I2C1_Init
 .text.HAL_I2C_MspInit
                0x08000b28       0x90 ./Core/Src/i2c.o
                0x08000b28                HAL_I2C_MspInit
 .text.LCD_WR_REG
                0x08000bb8       0x20 ./Core/Src/lcd.o
                0x08000bb8                LCD_WR_REG
 .text.LCD_WR_DATA
                0x08000bd8       0x20 ./Core/Src/lcd.o
                0x08000bd8                LCD_WR_DATA
 .text.LCD_RD_DATA
                0x08000bf8       0x24 ./Core/Src/lcd.o
                0x08000bf8                LCD_RD_DATA
 .text.lcd_AddressSet
                0x08000c1c       0x98 ./Core/Src/lcd.o
                0x08000c1c                lcd_AddressSet
 .text.lcd_Clear
                0x08000cb4       0x74 ./Core/Src/lcd.o
                0x08000cb4                lcd_Clear
 .text.lcd_DrawPoint
                0x08000d28       0x2e ./Core/Src/lcd.o
                0x08000d28                lcd_DrawPoint
 *fill*         0x08000d56        0x2 
 .text.lcd_ShowChar
                0x08000d58      0x1a0 ./Core/Src/lcd.o
                0x08000d58                lcd_ShowChar
 .text.mypow    0x08000ef8       0x38 ./Core/Src/lcd.o
                0x08000ef8                mypow
 .text.lcd_ShowIntNum
                0x08000f30       0xfc ./Core/Src/lcd.o
                0x08000f30                lcd_ShowIntNum
 .text.lcd_SetDir
                0x0800102c       0x48 ./Core/Src/lcd.o
                0x0800102c                lcd_SetDir
 .text.lcd_init
                0x08001074      0x2c0 ./Core/Src/lcd.o
                0x08001074                lcd_init
 .text._draw_circle_8
                0x08001334      0x116 ./Core/Src/lcd.o
                0x08001334                _draw_circle_8
 .text.lcd_DrawCircle
                0x0800144a       0xd8 ./Core/Src/lcd.o
                0x0800144a                lcd_DrawCircle
 *fill*         0x08001522        0x2 
 .text.lcd_ShowStr
                0x08001524       0xc8 ./Core/Src/lcd.o
                0x08001524                lcd_ShowStr
 .text.led7_init
                0x080015ec       0x18 ./Core/Src/led_7seg.o
                0x080015ec                led7_init
 .text.led7_Scan
                0x08001604      0x118 ./Core/Src/led_7seg.o
                0x08001604                led7_Scan
 .text.setAlartInit
                0x0800171c       0x90 ./Core/Src/main.o
                0x0800171c                setAlartInit
 .text.main     0x080017ac      0x414 ./Core/Src/main.o
                0x080017ac                main
 .text.SystemClock_Config
                0x08001bc0       0xd4 ./Core/Src/main.o
                0x08001bc0                SystemClock_Config
 .text.system_init
                0x08001c94       0x44 ./Core/Src/main.o
                0x08001c94                system_init
 .text.updateTime
                0x08001cd8       0x7a ./Core/Src/main.o
                0x08001cd8                updateTime
 *fill*         0x08001d52        0x2 
 .text.displayTime
                0x08001d54      0x208 ./Core/Src/main.o
                0x08001d54                displayTime
 .text.displayAlartTime
                0x08001f5c      0x1fc ./Core/Src/main.o
                0x08001f5c                displayAlartTime
 .text.offSecond
                0x08002158       0x2c ./Core/Src/main.o
                0x08002158                offSecond
 .text.offMinute
                0x08002184       0x2c ./Core/Src/main.o
                0x08002184                offMinute
 .text.offHour  0x080021b0       0x2c ./Core/Src/main.o
                0x080021b0                offHour
 .text.offArticle
                0x080021dc       0x2c ./Core/Src/main.o
                0x080021dc                offArticle
 .text.offDay   0x08002208       0x2c ./Core/Src/main.o
                0x08002208                offDay
 .text.offMonth
                0x08002234       0x2c ./Core/Src/main.o
                0x08002234                offMonth
 .text.offYear  0x08002260       0x2c ./Core/Src/main.o
                0x08002260                offYear
 .text.checkTime
                0x0800228c      0x10c ./Core/Src/main.o
                0x0800228c                checkTime
 .text.checkTimeAlart
                0x08002398       0xd4 ./Core/Src/main.o
                0x08002398                checkTimeAlart
 .text.setupAlart
                0x0800246c      0x2dc ./Core/Src/main.o
                0x0800246c                setupAlart
 .text.checkAlart
                0x08002748       0xa8 ./Core/Src/main.o
                0x08002748                checkAlart
 .text.alartNotify
                0x080027f0       0x3c ./Core/Src/main.o
                0x080027f0                alartNotify
 .text.Error_Handler
                0x0800282c        0xc ./Core/Src/main.o
                0x0800282c                Error_Handler
 .text.timer_init
                0x08002838       0x14 ./Core/Src/software_timer.o
                0x08002838                timer_init
 .text.setTimer2
                0x0800284c       0x38 ./Core/Src/software_timer.o
                0x0800284c                setTimer2
 .text.isFlagModify
                0x08002884       0x28 ./Core/Src/software_timer.o
                0x08002884                isFlagModify
 .text.setFlagModifyTimer
                0x080028ac       0x20 ./Core/Src/software_timer.o
                0x080028ac                setFlagModifyTimer
 .text.HAL_TIM_PeriodElapsedCallback
                0x080028cc       0x88 ./Core/Src/software_timer.o
                0x080028cc                HAL_TIM_PeriodElapsedCallback
 .text.MX_SPI1_Init
                0x08002954       0x6c ./Core/Src/spi.o
                0x08002954                MX_SPI1_Init
 .text.HAL_SPI_MspInit
                0x080029c0       0x90 ./Core/Src/spi.o
                0x080029c0                HAL_SPI_MspInit
 .text.HAL_MspInit
                0x08002a50       0x50 ./Core/Src/stm32f4xx_hal_msp.o
                0x08002a50                HAL_MspInit
 .text.NMI_Handler
                0x08002aa0        0x8 ./Core/Src/stm32f4xx_it.o
                0x08002aa0                NMI_Handler
 .text.HardFault_Handler
                0x08002aa8        0x8 ./Core/Src/stm32f4xx_it.o
                0x08002aa8                HardFault_Handler
 .text.MemManage_Handler
                0x08002ab0        0x8 ./Core/Src/stm32f4xx_it.o
                0x08002ab0                MemManage_Handler
 .text.BusFault_Handler
                0x08002ab8        0x8 ./Core/Src/stm32f4xx_it.o
                0x08002ab8                BusFault_Handler
 .text.UsageFault_Handler
                0x08002ac0        0x8 ./Core/Src/stm32f4xx_it.o
                0x08002ac0                UsageFault_Handler
 .text.SVC_Handler
                0x08002ac8        0xe ./Core/Src/stm32f4xx_it.o
                0x08002ac8                SVC_Handler
 .text.DebugMon_Handler
                0x08002ad6        0xe ./Core/Src/stm32f4xx_it.o
                0x08002ad6                DebugMon_Handler
 .text.PendSV_Handler
                0x08002ae4        0xe ./Core/Src/stm32f4xx_it.o
                0x08002ae4                PendSV_Handler
 .text.SysTick_Handler
                0x08002af2        0xc ./Core/Src/stm32f4xx_it.o
                0x08002af2                SysTick_Handler
 *fill*         0x08002afe        0x2 
 .text.TIM2_IRQHandler
                0x08002b00       0x14 ./Core/Src/stm32f4xx_it.o
                0x08002b00                TIM2_IRQHandler
 .text.SystemInit
                0x08002b14       0x24 ./Core/Src/system_stm32f4xx.o
                0x08002b14                SystemInit
 .text.MX_TIM2_Init
                0x08002b38       0x98 ./Core/Src/tim.o
                0x08002b38                MX_TIM2_Init
 .text.HAL_TIM_Base_MspInit
                0x08002bd0       0x4c ./Core/Src/tim.o
                0x08002bd0                HAL_TIM_Base_MspInit
 .text.BCD2DEC  0x08002c1c       0x32 ./Core/Src/utils.o
                0x08002c1c                BCD2DEC
 *fill*         0x08002c4e        0x2 
 .text.DEC2BCD  0x08002c50       0x48 ./Core/Src/utils.o
                0x08002c50                DEC2BCD
 .text.Reset_Handler
                0x08002c98       0x50 ./Core/Startup/startup_stm32f407zetx.o
                0x08002c98                Reset_Handler
 .text.Default_Handler
                0x08002ce8        0x2 ./Core/Startup/startup_stm32f407zetx.o
                0x08002ce8                RTC_Alarm_IRQHandler
                0x08002ce8                HASH_RNG_IRQHandler
                0x08002ce8                EXTI2_IRQHandler
                0x08002ce8                TIM8_CC_IRQHandler
                0x08002ce8                TIM1_CC_IRQHandler
                0x08002ce8                DMA2_Stream5_IRQHandler
                0x08002ce8                DMA1_Stream5_IRQHandler
                0x08002ce8                PVD_IRQHandler
                0x08002ce8                SDIO_IRQHandler
                0x08002ce8                TAMP_STAMP_IRQHandler
                0x08002ce8                CAN2_RX1_IRQHandler
                0x08002ce8                EXTI3_IRQHandler
                0x08002ce8                TIM8_TRG_COM_TIM14_IRQHandler
                0x08002ce8                TIM1_UP_TIM10_IRQHandler
                0x08002ce8                TIM8_UP_TIM13_IRQHandler
                0x08002ce8                I2C3_ER_IRQHandler
                0x08002ce8                EXTI0_IRQHandler
                0x08002ce8                I2C2_EV_IRQHandler
                0x08002ce8                DMA1_Stream2_IRQHandler
                0x08002ce8                CAN1_RX0_IRQHandler
                0x08002ce8                FPU_IRQHandler
                0x08002ce8                OTG_HS_WKUP_IRQHandler
                0x08002ce8                CAN2_SCE_IRQHandler
                0x08002ce8                DMA2_Stream2_IRQHandler
                0x08002ce8                SPI1_IRQHandler
                0x08002ce8                TIM6_DAC_IRQHandler
                0x08002ce8                TIM1_BRK_TIM9_IRQHandler
                0x08002ce8                DCMI_IRQHandler
                0x08002ce8                CAN2_RX0_IRQHandler
                0x08002ce8                DMA2_Stream3_IRQHandler
                0x08002ce8                USART6_IRQHandler
                0x08002ce8                USART3_IRQHandler
                0x08002ce8                CAN1_RX1_IRQHandler
                0x08002ce8                UART5_IRQHandler
                0x08002ce8                DMA2_Stream0_IRQHandler
                0x08002ce8                TIM4_IRQHandler
                0x08002ce8                I2C1_EV_IRQHandler
                0x08002ce8                DMA1_Stream6_IRQHandler
                0x08002ce8                DMA1_Stream1_IRQHandler
                0x08002ce8                UART4_IRQHandler
                0x08002ce8                TIM3_IRQHandler
                0x08002ce8                RCC_IRQHandler
                0x08002ce8                TIM8_BRK_TIM12_IRQHandler
                0x08002ce8                Default_Handler
                0x08002ce8                EXTI15_10_IRQHandler
                0x08002ce8                ADC_IRQHandler
                0x08002ce8                DMA1_Stream7_IRQHandler
                0x08002ce8                TIM7_IRQHandler
                0x08002ce8                CAN2_TX_IRQHandler
                0x08002ce8                TIM5_IRQHandler
                0x08002ce8                DMA2_Stream7_IRQHandler
                0x08002ce8                I2C3_EV_IRQHandler
                0x08002ce8                EXTI9_5_IRQHandler
                0x08002ce8                RTC_WKUP_IRQHandler
                0x08002ce8                ETH_WKUP_IRQHandler
                0x08002ce8                SPI2_IRQHandler
                0x08002ce8                OTG_HS_EP1_IN_IRQHandler
                0x08002ce8                DMA1_Stream0_IRQHandler
                0x08002ce8                CAN1_TX_IRQHandler
                0x08002ce8                EXTI4_IRQHandler
                0x08002ce8                FSMC_IRQHandler
                0x08002ce8                ETH_IRQHandler
                0x08002ce8                OTG_HS_EP1_OUT_IRQHandler
                0x08002ce8                WWDG_IRQHandler
                0x08002ce8                OTG_FS_WKUP_IRQHandler
                0x08002ce8                TIM1_TRG_COM_TIM11_IRQHandler
                0x08002ce8                OTG_HS_IRQHandler
                0x08002ce8                EXTI1_IRQHandler
                0x08002ce8                USART2_IRQHandler
                0x08002ce8                I2C2_ER_IRQHandler
                0x08002ce8                DMA2_Stream1_IRQHandler
                0x08002ce8                CAN1_SCE_IRQHandler
                0x08002ce8                FLASH_IRQHandler
                0x08002ce8                DMA2_Stream4_IRQHandler
                0x08002ce8                USART1_IRQHandler
                0x08002ce8                OTG_FS_IRQHandler
                0x08002ce8                SPI3_IRQHandler
                0x08002ce8                DMA1_Stream4_IRQHandler
                0x08002ce8                I2C1_ER_IRQHandler
                0x08002ce8                DMA2_Stream6_IRQHandler
                0x08002ce8                DMA1_Stream3_IRQHandler
 *fill*         0x08002cea        0x2 
 .text.HAL_Init
                0x08002cec       0x44 ./Drivers/STM32F4xx_HAL_Driver/Src/stm32f4xx_hal.o
                0x08002cec                HAL_Init
 .text.HAL_InitTick
                0x08002d30       0x60 ./Drivers/STM32F4xx_HAL_Driver/Src/stm32f4xx_hal.o
                0x08002d30                HAL_InitTick
 .text.HAL_IncTick
                0x08002d90       0x28 ./Drivers/STM32F4xx_HAL_Driver/Src/stm32f4xx_hal.o
                0x08002d90                HAL_IncTick
 .text.HAL_GetTick
                0x08002db8       0x18 ./Drivers/STM32F4xx_HAL_Driver/Src/stm32f4xx_hal.o
                0x08002db8                HAL_GetTick
 .text.HAL_Delay
                0x08002dd0       0x48 ./Drivers/STM32F4xx_HAL_Driver/Src/stm32f4xx_hal.o
                0x08002dd0                HAL_Delay
 .text.__NVIC_SetPriorityGrouping
                0x08002e18       0x48 ./Drivers/STM32F4xx_HAL_Driver/Src/stm32f4xx_hal_cortex.o
 .text.__NVIC_GetPriorityGrouping
                0x08002e60       0x1c ./Drivers/STM32F4xx_HAL_Driver/Src/stm32f4xx_hal_cortex.o
 .text.__NVIC_EnableIRQ
                0x08002e7c       0x3c ./Drivers/STM32F4xx_HAL_Driver/Src/stm32f4xx_hal_cortex.o
 .text.__NVIC_SetPriority
                0x08002eb8       0x54 ./Drivers/STM32F4xx_HAL_Driver/Src/stm32f4xx_hal_cortex.o
 .text.NVIC_EncodePriority
                0x08002f0c       0x66 ./Drivers/STM32F4xx_HAL_Driver/Src/stm32f4xx_hal_cortex.o
 *fill*         0x08002f72        0x2 
 .text.SysTick_Config
                0x08002f74       0x44 ./Drivers/STM32F4xx_HAL_Driver/Src/stm32f4xx_hal_cortex.o
 .text.HAL_NVIC_SetPriorityGrouping
                0x08002fb8       0x16 ./Drivers/STM32F4xx_HAL_Driver/Src/stm32f4xx_hal_cortex.o
                0x08002fb8                HAL_NVIC_SetPriorityGrouping
 .text.HAL_NVIC_SetPriority
                0x08002fce       0x38 ./Drivers/STM32F4xx_HAL_Driver/Src/stm32f4xx_hal_cortex.o
                0x08002fce                HAL_NVIC_SetPriority
 .text.HAL_NVIC_EnableIRQ
                0x08003006       0x1c ./Drivers/STM32F4xx_HAL_Driver/Src/stm32f4xx_hal_cortex.o
                0x08003006                HAL_NVIC_EnableIRQ
 .text.HAL_SYSTICK_Config
                0x08003022       0x18 ./Drivers/STM32F4xx_HAL_Driver/Src/stm32f4xx_hal_cortex.o
                0x08003022                HAL_SYSTICK_Config
 *fill*         0x0800303a        0x2 
 .text.HAL_GPIO_Init
                0x0800303c      0x338 ./Drivers/STM32F4xx_HAL_Driver/Src/stm32f4xx_hal_gpio.o
                0x0800303c                HAL_GPIO_Init
 .text.HAL_GPIO_WritePin
                0x08003374       0x32 ./Drivers/STM32F4xx_HAL_Driver/Src/stm32f4xx_hal_gpio.o
                0x08003374                HAL_GPIO_WritePin
 *fill*         0x080033a6        0x2 
 .text.HAL_I2C_Init
                0x080033a8      0x288 ./Drivers/STM32F4xx_HAL_Driver/Src/stm32f4xx_hal_i2c.o
                0x080033a8                HAL_I2C_Init
 .text.HAL_I2C_Mem_Write
                0x08003630      0x1f4 ./Drivers/STM32F4xx_HAL_Driver/Src/stm32f4xx_hal_i2c.o
                0x08003630                HAL_I2C_Mem_Write
 .text.HAL_I2C_Mem_Read
                0x08003824      0x44c ./Drivers/STM32F4xx_HAL_Driver/Src/stm32f4xx_hal_i2c.o
                0x08003824                HAL_I2C_Mem_Read
 .text.HAL_I2C_IsDeviceReady
                0x08003c70      0x25c ./Drivers/STM32F4xx_HAL_Driver/Src/stm32f4xx_hal_i2c.o
                0x08003c70                HAL_I2C_IsDeviceReady
 .text.I2C_RequestMemoryWrite
                0x08003ecc      0x12c ./Drivers/STM32F4xx_HAL_Driver/Src/stm32f4xx_hal_i2c.o
 .text.I2C_RequestMemoryRead
                0x08003ff8      0x1d0 ./Drivers/STM32F4xx_HAL_Driver/Src/stm32f4xx_hal_i2c.o
 .text.I2C_WaitOnFlagUntilTimeout
                0x080041c8       0xae ./Drivers/STM32F4xx_HAL_Driver/Src/stm32f4xx_hal_i2c.o
 .text.I2C_WaitOnMasterAddressFlagUntilTimeout
                0x08004276       0xfe ./Drivers/STM32F4xx_HAL_Driver/Src/stm32f4xx_hal_i2c.o
 .text.I2C_WaitOnTXEFlagUntilTimeout
                0x08004374       0x82 ./Drivers/STM32F4xx_HAL_Driver/Src/stm32f4xx_hal_i2c.o
 .text.I2C_WaitOnBTFFlagUntilTimeout
                0x080043f6       0x82 ./Drivers/STM32F4xx_HAL_Driver/Src/stm32f4xx_hal_i2c.o
 .text.I2C_WaitOnRXNEFlagUntilTimeout
                0x08004478       0xac ./Drivers/STM32F4xx_HAL_Driver/Src/stm32f4xx_hal_i2c.o
 .text.I2C_IsAcknowledgeFailed
                0x08004524       0x5e ./Drivers/STM32F4xx_HAL_Driver/Src/stm32f4xx_hal_i2c.o
 *fill*         0x08004582        0x2 
 .text.HAL_RCC_OscConfig
                0x08004584      0x4f0 ./Drivers/STM32F4xx_HAL_Driver/Src/stm32f4xx_hal_rcc.o
                0x08004584                HAL_RCC_OscConfig
 .text.HAL_RCC_ClockConfig
                0x08004a74      0x1cc ./Drivers/STM32F4xx_HAL_Driver/Src/stm32f4xx_hal_rcc.o
                0x08004a74                HAL_RCC_ClockConfig
 .text.HAL_RCC_GetSysClockFreq
                0x08004c40      0x20c ./Drivers/STM32F4xx_HAL_Driver/Src/stm32f4xx_hal_rcc.o
                0x08004c40                HAL_RCC_GetSysClockFreq
 .text.HAL_RCC_GetHCLKFreq
                0x08004e4c       0x18 ./Drivers/STM32F4xx_HAL_Driver/Src/stm32f4xx_hal_rcc.o
                0x08004e4c                HAL_RCC_GetHCLKFreq
 .text.HAL_RCC_GetPCLK1Freq
                0x08004e64       0x28 ./Drivers/STM32F4xx_HAL_Driver/Src/stm32f4xx_hal_rcc.o
                0x08004e64                HAL_RCC_GetPCLK1Freq
 .text.HAL_SPI_Init
                0x08004e8c      0x112 ./Drivers/STM32F4xx_HAL_Driver/Src/stm32f4xx_hal_spi.o
                0x08004e8c                HAL_SPI_Init
 .text.HAL_SPI_Transmit
                0x08004f9e      0x278 ./Drivers/STM32F4xx_HAL_Driver/Src/stm32f4xx_hal_spi.o
                0x08004f9e                HAL_SPI_Transmit
 .text.HAL_SPI_Receive
                0x08005216      0x222 ./Drivers/STM32F4xx_HAL_Driver/Src/stm32f4xx_hal_spi.o
                0x08005216                HAL_SPI_Receive
 .text.HAL_SPI_TransmitReceive
                0x08005438      0x344 ./Drivers/STM32F4xx_HAL_Driver/Src/stm32f4xx_hal_spi.o
                0x08005438                HAL_SPI_TransmitReceive
 .text.SPI_WaitFlagStateUntilTimeout
                0x0800577c      0x110 ./Drivers/STM32F4xx_HAL_Driver/Src/stm32f4xx_hal_spi.o
 .text.SPI_EndRxTransaction
                0x0800588c       0xca ./Drivers/STM32F4xx_HAL_Driver/Src/stm32f4xx_hal_spi.o
 *fill*         0x08005956        0x2 
 .text.SPI_EndRxTxTransaction
                0x08005958       0x84 ./Drivers/STM32F4xx_HAL_Driver/Src/stm32f4xx_hal_spi.o
 .text.HAL_SRAM_Init
                0x080059dc       0x88 ./Drivers/STM32F4xx_HAL_Driver/Src/stm32f4xx_hal_sram.o
                0x080059dc                HAL_SRAM_Init
 .text.HAL_TIM_Base_Init
                0x08005a64       0x9e ./Drivers/STM32F4xx_HAL_Driver/Src/stm32f4xx_hal_tim.o
                0x08005a64                HAL_TIM_Base_Init
 *fill*         0x08005b02        0x2 
 .text.HAL_TIM_Base_Start_IT
                0x08005b04       0xe0 ./Drivers/STM32F4xx_HAL_Driver/Src/stm32f4xx_hal_tim.o
                0x08005b04                HAL_TIM_Base_Start_IT
 .text.HAL_TIM_IRQHandler
                0x08005be4      0x210 ./Drivers/STM32F4xx_HAL_Driver/Src/stm32f4xx_hal_tim.o
                0x08005be4                HAL_TIM_IRQHandler
 .text.HAL_TIM_ConfigClockSource
                0x08005df4      0x18e ./Drivers/STM32F4xx_HAL_Driver/Src/stm32f4xx_hal_tim.o
                0x08005df4                HAL_TIM_ConfigClockSource
 .text.HAL_TIM_OC_DelayElapsedCallback
                0x08005f82       0x14 ./Drivers/STM32F4xx_HAL_Driver/Src/stm32f4xx_hal_tim.o
                0x08005f82                HAL_TIM_OC_DelayElapsedCallback
 .text.HAL_TIM_IC_CaptureCallback
                0x08005f96       0x14 ./Drivers/STM32F4xx_HAL_Driver/Src/stm32f4xx_hal_tim.o
                0x08005f96                HAL_TIM_IC_CaptureCallback
 .text.HAL_TIM_PWM_PulseFinishedCallback
                0x08005faa       0x14 ./Drivers/STM32F4xx_HAL_Driver/Src/stm32f4xx_hal_tim.o
                0x08005faa                HAL_TIM_PWM_PulseFinishedCallback
 .text.HAL_TIM_TriggerCallback
                0x08005fbe       0x14 ./Drivers/STM32F4xx_HAL_Driver/Src/stm32f4xx_hal_tim.o
                0x08005fbe                HAL_TIM_TriggerCallback
 *fill*         0x08005fd2        0x2 
 .text.TIM_Base_SetConfig
                0x08005fd4      0x140 ./Drivers/STM32F4xx_HAL_Driver/Src/stm32f4xx_hal_tim.o
                0x08005fd4                TIM_Base_SetConfig
 .text.TIM_TI1_ConfigInputStage
                0x08006114       0x5e ./Drivers/STM32F4xx_HAL_Driver/Src/stm32f4xx_hal_tim.o
 .text.TIM_TI2_ConfigInputStage
                0x08006172       0x60 ./Drivers/STM32F4xx_HAL_Driver/Src/stm32f4xx_hal_tim.o
 .text.TIM_ITRx_SetConfig
                0x080061d2       0x36 ./Drivers/STM32F4xx_HAL_Driver/Src/stm32f4xx_hal_tim.o
 .text.TIM_ETR_SetConfig
                0x08006208       0x40 ./Drivers/STM32F4xx_HAL_Driver/Src/stm32f4xx_hal_tim.o
                0x08006208                TIM_ETR_SetConfig
 .text.HAL_TIMEx_MasterConfigSynchronization
                0x08006248       0xf8 ./Drivers/STM32F4xx_HAL_Driver/Src/stm32f4xx_hal_tim_ex.o
                0x08006248                HAL_TIMEx_MasterConfigSynchronization
 .text.HAL_TIMEx_CommutCallback
                0x08006340       0x14 ./Drivers/STM32F4xx_HAL_Driver/Src/stm32f4xx_hal_tim_ex.o
                0x08006340                HAL_TIMEx_CommutCallback
 .text.HAL_TIMEx_BreakCallback
                0x08006354       0x14 ./Drivers/STM32F4xx_HAL_Driver/Src/stm32f4xx_hal_tim_ex.o
                0x08006354                HAL_TIMEx_BreakCallback
 .text.FSMC_NORSRAM_Init
                0x08006368       0xa4 ./Drivers/STM32F4xx_HAL_Driver/Src/stm32f4xx_ll_fsmc.o
                0x08006368                FSMC_NORSRAM_Init
 .text.FSMC_NORSRAM_Timing_Init
                0x0800640c       0x7a ./Drivers/STM32F4xx_HAL_Driver/Src/stm32f4xx_ll_fsmc.o
                0x0800640c                FSMC_NORSRAM_Timing_Init
 *fill*         0x08006486        0x2 
 .text.FSMC_NORSRAM_Extended_Timing_Init
                0x08006488       0x80 ./Drivers/STM32F4xx_HAL_Driver/Src/stm32f4xx_ll_fsmc.o
                0x08006488                FSMC_NORSRAM_Extended_Timing_Init
 .text.memset   0x08006508       0x10 C:/ST/STM32CubeIDE_1.16.1/STM32CubeIDE/plugins/com.st.stm32cube.ide.mcu.externaltools.gnu-tools-for-stm32.12.3.rel1.win32_1.0.200.202406191623/tools/bin/../lib/gcc/arm-none-eabi/12.3.1/../../../../arm-none-eabi/lib/thumb/v7e-m+fp/hard\libc_nano.a(libc_a-memset.o)
                0x08006508                memset
 .text.__libc_init_array
                0x08006518       0x48 C:/ST/STM32CubeIDE_1.16.1/STM32CubeIDE/plugins/com.st.stm32cube.ide.mcu.externaltools.gnu-tools-for-stm32.12.3.rel1.win32_1.0.200.202406191623/tools/bin/../lib/gcc/arm-none-eabi/12.3.1/../../../../arm-none-eabi/lib/thumb/v7e-m+fp/hard\libc_nano.a(libc_a-init.o)
                0x08006518                __libc_init_array
 *(.glue_7)
 .glue_7        0x08006560        0x0 linker stubs
 *(.glue_7t)
 .glue_7t       0x08006560        0x0 linker stubs
 *(.eh_frame)
 .eh_frame      0x08006560        0x0 C:/ST/STM32CubeIDE_1.16.1/STM32CubeIDE/plugins/com.st.stm32cube.ide.mcu.externaltools.gnu-tools-for-stm32.12.3.rel1.win32_1.0.200.202406191623/tools/bin/../lib/gcc/arm-none-eabi/12.3.1/thumb/v7e-m+fp/hard/crtbegin.o
 *(.init)
 .init          0x08006560        0x4 C:/ST/STM32CubeIDE_1.16.1/STM32CubeIDE/plugins/com.st.stm32cube.ide.mcu.externaltools.gnu-tools-for-stm32.12.3.rel1.win32_1.0.200.202406191623/tools/bin/../lib/gcc/arm-none-eabi/12.3.1/thumb/v7e-m+fp/hard/crti.o
                0x08006560                _init
 .init          0x08006564        0x8 C:/ST/STM32CubeIDE_1.16.1/STM32CubeIDE/plugins/com.st.stm32cube.ide.mcu.externaltools.gnu-tools-for-stm32.12.3.rel1.win32_1.0.200.202406191623/tools/bin/../lib/gcc/arm-none-eabi/12.3.1/thumb/v7e-m+fp/hard/crtn.o
 *(.fini)
 .fini          0x0800656c        0x4 C:/ST/STM32CubeIDE_1.16.1/STM32CubeIDE/plugins/com.st.stm32cube.ide.mcu.externaltools.gnu-tools-for-stm32.12.3.rel1.win32_1.0.200.202406191623/tools/bin/../lib/gcc/arm-none-eabi/12.3.1/thumb/v7e-m+fp/hard/crti.o
                0x0800656c                _fini
 .fini          0x08006570        0x8 C:/ST/STM32CubeIDE_1.16.1/STM32CubeIDE/plugins/com.st.stm32cube.ide.mcu.externaltools.gnu-tools-for-stm32.12.3.rel1.win32_1.0.200.202406191623/tools/bin/../lib/gcc/arm-none-eabi/12.3.1/thumb/v7e-m+fp/hard/crtn.o
                0x08006578                        . = ALIGN (0x4)
                0x08006578                        _etext = .

.vfp11_veneer   0x08006578        0x0
 .vfp11_veneer  0x08006578        0x0 linker stubs

.v4_bx          0x08006578        0x0
 .v4_bx         0x08006578        0x0 linker stubs

.iplt           0x08006578        0x0
 .iplt          0x08006578        0x0 C:/ST/STM32CubeIDE_1.16.1/STM32CubeIDE/plugins/com.st.stm32cube.ide.mcu.externaltools.gnu-tools-for-stm32.12.3.rel1.win32_1.0.200.202406191623/tools/bin/../lib/gcc/arm-none-eabi/12.3.1/thumb/v7e-m+fp/hard/crtbegin.o

.rodata         0x08006578     0x2fd4
                0x08006578                        . = ALIGN (0x4)
 *(.rodata)
 .rodata        0x08006578       0x3a ./Core/Src/main.o
 *(.rodata*)
 *fill*         0x080065b2        0x2 
 .rodata.ascii_1608
                0x080065b4      0x5f0 ./Core/Src/lcd.o
                0x080065b4                ascii_1608
 .rodata.ascii_2412
                0x08006ba4     0x11d0 ./Core/Src/lcd.o
                0x08006ba4                ascii_2412
 .rodata.ascii_3216
                0x08007d74     0x17c0 ./Core/Src/lcd.o
                0x08007d74                ascii_3216
 .rodata.AHBPrescTable
                0x08009534       0x10 ./Core/Src/system_stm32f4xx.o
                0x08009534                AHBPrescTable
 .rodata.APBPrescTable
                0x08009544        0x8 ./Core/Src/system_stm32f4xx.o
                0x08009544                APBPrescTable
                0x0800954c                        . = ALIGN (0x4)

.ARM.extab      0x0800954c        0x0
                0x0800954c                        . = ALIGN (0x4)
 *(.ARM.extab* .gnu.linkonce.armextab.*)
                0x0800954c                        . = ALIGN (0x4)

.ARM            0x0800954c        0x8
                0x0800954c                        . = ALIGN (0x4)
                0x0800954c                        __exidx_start = .
 *(.ARM.exidx*)
 .ARM.exidx     0x0800954c        0x8 C:/ST/STM32CubeIDE_1.16.1/STM32CubeIDE/plugins/com.st.stm32cube.ide.mcu.externaltools.gnu-tools-for-stm32.12.3.rel1.win32_1.0.200.202406191623/tools/bin/../lib/gcc/arm-none-eabi/12.3.1/thumb/v7e-m+fp/hard\libgcc.a(_udivmoddi4.o)
                0x08009554                        __exidx_end = .
                0x08009554                        . = ALIGN (0x4)

.rel.dyn        0x08009554        0x0
 .rel.iplt      0x08009554        0x0 C:/ST/STM32CubeIDE_1.16.1/STM32CubeIDE/plugins/com.st.stm32cube.ide.mcu.externaltools.gnu-tools-for-stm32.12.3.rel1.win32_1.0.200.202406191623/tools/bin/../lib/gcc/arm-none-eabi/12.3.1/thumb/v7e-m+fp/hard/crtbegin.o

.preinit_array  0x08009554        0x0
                0x08009554                        . = ALIGN (0x4)
                0x08009554                        PROVIDE (__preinit_array_start = .)
 *(.preinit_array*)
                0x08009554                        PROVIDE (__preinit_array_end = .)
                0x08009554                        . = ALIGN (0x4)

.init_array     0x08009554        0x4
                0x08009554                        . = ALIGN (0x4)
                0x08009554                        PROVIDE (__init_array_start = .)
 *(SORT_BY_NAME(.init_array.*))
 *(.init_array*)
 .init_array    0x08009554        0x4 C:/ST/STM32CubeIDE_1.16.1/STM32CubeIDE/plugins/com.st.stm32cube.ide.mcu.externaltools.gnu-tools-for-stm32.12.3.rel1.win32_1.0.200.202406191623/tools/bin/../lib/gcc/arm-none-eabi/12.3.1/thumb/v7e-m+fp/hard/crtbegin.o
                0x08009558                        PROVIDE (__init_array_end = .)
                0x08009558                        . = ALIGN (0x4)

.fini_array     0x08009558        0x4
                0x08009558                        . = ALIGN (0x4)
                [!provide]                        PROVIDE (__fini_array_start = .)
 *(SORT_BY_NAME(.fini_array.*))
 *(.fini_array*)
 .fini_array    0x08009558        0x4 C:/ST/STM32CubeIDE_1.16.1/STM32CubeIDE/plugins/com.st.stm32cube.ide.mcu.externaltools.gnu-tools-for-stm32.12.3.rel1.win32_1.0.200.202406191623/tools/bin/../lib/gcc/arm-none-eabi/12.3.1/thumb/v7e-m+fp/hard/crtbegin.o
                [!provide]                        PROVIDE (__fini_array_end = .)
                0x0800955c                        . = ALIGN (0x4)
                0x0800955c                        _sidata = LOADADDR (.data)

.data           0x20000000       0x18 load address 0x0800955c
                0x20000000                        . = ALIGN (0x4)
                0x20000000                        _sdata = .
 *(.data)
 *(.data*)
 .data.led7seg  0x20000000        0x4 ./Core/Src/led_7seg.o
                0x20000000                led7seg
 .data.spi_buffer
                0x20000004        0x2 ./Core/Src/led_7seg.o
                0x20000004                spi_buffer
 .data.modeStatus
                0x20000006        0x2 ./Core/Src/main.o
                0x20000006                modeStatus
 .data.toggle   0x20000008        0x2 ./Core/Src/main.o
                0x20000008                toggle
 *fill*         0x2000000a        0x2 
 .data.SystemCoreClock
                0x2000000c        0x4 ./Core/Src/system_stm32f4xx.o
                0x2000000c                SystemCoreClock
 .data.uwTickPrio
                0x20000010        0x4 ./Drivers/STM32F4xx_HAL_Driver/Src/stm32f4xx_hal.o
                0x20000010                uwTickPrio
 .data.uwTickFreq
                0x20000014        0x1 ./Drivers/STM32F4xx_HAL_Driver/Src/stm32f4xx_hal.o
                0x20000014                uwTickFreq
 *(.RamFunc)
 *(.RamFunc*)
                0x20000018                        . = ALIGN (0x4)
 *fill*         0x20000015        0x3 
                0x20000018                        _edata = .
                0x08009574                        _siccmram = LOADADDR (.ccmram)

.igot.plt       0x20000018        0x0 load address 0x08009574
 .igot.plt      0x20000018        0x0 C:/ST/STM32CubeIDE_1.16.1/STM32CubeIDE/plugins/com.st.stm32cube.ide.mcu.externaltools.gnu-tools-for-stm32.12.3.rel1.win32_1.0.200.202406191623/tools/bin/../lib/gcc/arm-none-eabi/12.3.1/thumb/v7e-m+fp/hard/crtbegin.o

.ccmram         0x10000000        0x0 load address 0x08009574
                0x10000000                        . = ALIGN (0x4)
                0x10000000                        _sccmram = .
 *(.ccmram)
 *(.ccmram*)
                0x10000000                        . = ALIGN (0x4)
                0x10000000                        _eccmram = .
                0x10000000                        . = ALIGN (0x4)

.bss            0x20000018      0x1c4
                0x20000018                        _sbss = .
                0x20000018                        __bss_start__ = _sbss
 *(.bss)
 .bss           0x20000018       0x1c C:/ST/STM32CubeIDE_1.16.1/STM32CubeIDE/plugins/com.st.stm32cube.ide.mcu.externaltools.gnu-tools-for-stm32.12.3.rel1.win32_1.0.200.202406191623/tools/bin/../lib/gcc/arm-none-eabi/12.3.1/thumb/v7e-m+fp/hard/crtbegin.o
 *(.bss*)
 .bss.button_count
                0x20000034       0x20 ./Core/Src/button.o
                0x20000034                button_count
 .bss.spi_button
                0x20000054        0x2 ./Core/Src/button.o
                0x20000054                spi_button
 *fill*         0x20000056        0x2 
 .bss.ds3231_buffer
                0x20000058        0x7 ./Core/Src/ds3231.o
                0x20000058                ds3231_buffer
 .bss.ds3231_hours
                0x2000005f        0x1 ./Core/Src/ds3231.o
                0x2000005f                ds3231_hours
 .bss.ds3231_min
                0x20000060        0x1 ./Core/Src/ds3231.o
                0x20000060                ds3231_min
 .bss.ds3231_sec
                0x20000061        0x1 ./Core/Src/ds3231.o
                0x20000061                ds3231_sec
 .bss.ds3231_date
                0x20000062        0x1 ./Core/Src/ds3231.o
                0x20000062                ds3231_date
 .bss.ds3231_day
                0x20000063        0x1 ./Core/Src/ds3231.o
                0x20000063                ds3231_day
 .bss.ds3231_month
                0x20000064        0x1 ./Core/Src/ds3231.o
                0x20000064                ds3231_month
 .bss.ds3231_year
                0x20000065        0x1 ./Core/Src/ds3231.o
                0x20000065                ds3231_year
 *fill*         0x20000066        0x2 
 .bss.hsram1    0x20000068       0x50 ./Core/Src/fsmc.o
                0x20000068                hsram1
 .bss.FSMC_Initialized
                0x200000b8        0x4 ./Core/Src/fsmc.o
 .bss.hi2c1     0x200000bc       0x54 ./Core/Src/i2c.o
                0x200000bc                hi2c1
 .bss.lcddev    0x20000110        0x6 ./Core/Src/lcd.o
                0x20000110                lcddev
 *fill*         0x20000116        0x2 
 .bss.led7_index
                0x20000118        0x4 ./Core/Src/led_7seg.o
                0x20000118                led7_index
 .bss.secondAlart
                0x2000011c        0x2 ./Core/Src/main.o
                0x2000011c                secondAlart
 .bss.minuteAlart
                0x2000011e        0x2 ./Core/Src/main.o
                0x2000011e                minuteAlart
 .bss.hourAlart
                0x20000120        0x2 ./Core/Src/main.o
                0x20000120                hourAlart
 .bss.dayAlart  0x20000122        0x2 ./Core/Src/main.o
                0x20000122                dayAlart
 .bss.dateAlart
                0x20000124        0x2 ./Core/Src/main.o
                0x20000124                dateAlart
 .bss.monthAlart
                0x20000126        0x2 ./Core/Src/main.o
                0x20000126                monthAlart
 .bss.yearAlart
                0x20000128        0x2 ./Core/Src/main.o
                0x20000128                yearAlart
 .bss.modifyStatus
                0x2000012a        0x2 ./Core/Src/main.o
                0x2000012a                modifyStatus
 .bss.flag_timer2
                0x2000012c        0x2 ./Core/Src/software_timer.o
                0x2000012c                flag_timer2
 .bss.timer2_counter
                0x2000012e        0x2 ./Core/Src/software_timer.o
                0x2000012e                timer2_counter
 .bss.timer2_MUL
                0x20000130        0x2 ./Core/Src/software_timer.o
                0x20000130                timer2_MUL
 .bss.flagModify
                0x20000132        0x2 ./Core/Src/software_timer.o
                0x20000132                flagModify
 .bss.timerModify_counter
                0x20000134        0x2 ./Core/Src/software_timer.o
                0x20000134                timerModify_counter
 *fill*         0x20000136        0x2 
 .bss.hspi1     0x20000138       0x58 ./Core/Src/spi.o
                0x20000138                hspi1
 .bss.htim2     0x20000190       0x48 ./Core/Src/tim.o
                0x20000190                htim2
 .bss.uwTick    0x200001d8        0x4 ./Drivers/STM32F4xx_HAL_Driver/Src/stm32f4xx_hal.o
                0x200001d8                uwTick
 *(COMMON)
                0x200001dc                        . = ALIGN (0x4)
                0x200001dc                        _ebss = .
                0x200001dc                        __bss_end__ = _ebss

._user_heap_stack
                0x200001dc      0x604
                0x200001e0                        . = ALIGN (0x8)
 *fill*         0x200001dc        0x4 
                [!provide]                        PROVIDE (end = .)
                0x200001e0                        PROVIDE (_end = .)
                0x200003e0                        . = (. + _Min_Heap_Size)
 *fill*         0x200001e0      0x200 
                0x200007e0                        . = (. + _Min_Stack_Size)
 *fill*         0x200003e0      0x400 
                0x200007e0                        . = ALIGN (0x8)

/DISCARD/
 libc.a(*)
 libm.a(*)
 libgcc.a(*)

.ARM.attributes
                0x00000000       0x30
 *(.ARM.attributes)
 .ARM.attributes
                0x00000000       0x22 C:/ST/STM32CubeIDE_1.16.1/STM32CubeIDE/plugins/com.st.stm32cube.ide.mcu.externaltools.gnu-tools-for-stm32.12.3.rel1.win32_1.0.200.202406191623/tools/bin/../lib/gcc/arm-none-eabi/12.3.1/thumb/v7e-m+fp/hard/crti.o
 .ARM.attributes
                0x00000022       0x34 C:/ST/STM32CubeIDE_1.16.1/STM32CubeIDE/plugins/com.st.stm32cube.ide.mcu.externaltools.gnu-tools-for-stm32.12.3.rel1.win32_1.0.200.202406191623/tools/bin/../lib/gcc/arm-none-eabi/12.3.1/thumb/v7e-m+fp/hard/crtbegin.o
 .ARM.attributes
                0x00000056       0x34 ./Core/Src/button.o
 .ARM.attributes
                0x0000008a       0x34 ./Core/Src/ds3231.o
 .ARM.attributes
                0x000000be       0x34 ./Core/Src/fsmc.o
 .ARM.attributes
                0x000000f2       0x34 ./Core/Src/gpio.o
 .ARM.attributes
                0x00000126       0x34 ./Core/Src/i2c.o
 .ARM.attributes
                0x0000015a       0x34 ./Core/Src/lcd.o
 .ARM.attributes
                0x0000018e       0x34 ./Core/Src/led_7seg.o
 .ARM.attributes
                0x000001c2       0x34 ./Core/Src/main.o
 .ARM.attributes
                0x000001f6       0x34 ./Core/Src/software_timer.o
 .ARM.attributes
                0x0000022a       0x34 ./Core/Src/spi.o
 .ARM.attributes
                0x0000025e       0x34 ./Core/Src/stm32f4xx_hal_msp.o
 .ARM.attributes
                0x00000292       0x34 ./Core/Src/stm32f4xx_it.o
 .ARM.attributes
                0x000002c6       0x34 ./Core/Src/system_stm32f4xx.o
 .ARM.attributes
                0x000002fa       0x34 ./Core/Src/tim.o
 .ARM.attributes
                0x0000032e       0x34 ./Core/Src/utils.o
 .ARM.attributes
                0x00000362       0x21 ./Core/Startup/startup_stm32f407zetx.o
 .ARM.attributes
                0x00000383       0x34 ./Drivers/STM32F4xx_HAL_Driver/Src/stm32f4xx_hal.o
 .ARM.attributes
                0x000003b7       0x34 ./Drivers/STM32F4xx_HAL_Driver/Src/stm32f4xx_hal_cortex.o
 .ARM.attributes
                0x000003eb       0x34 ./Drivers/STM32F4xx_HAL_Driver/Src/stm32f4xx_hal_gpio.o
 .ARM.attributes
                0x0000041f       0x34 ./Drivers/STM32F4xx_HAL_Driver/Src/stm32f4xx_hal_i2c.o
 .ARM.attributes
                0x00000453       0x34 ./Drivers/STM32F4xx_HAL_Driver/Src/stm32f4xx_hal_rcc.o
 .ARM.attributes
                0x00000487       0x34 ./Drivers/STM32F4xx_HAL_Driver/Src/stm32f4xx_hal_spi.o
 .ARM.attributes
                0x000004bb       0x34 ./Drivers/STM32F4xx_HAL_Driver/Src/stm32f4xx_hal_sram.o
 .ARM.attributes
                0x000004ef       0x34 ./Drivers/STM32F4xx_HAL_Driver/Src/stm32f4xx_hal_tim.o
 .ARM.attributes
                0x00000523       0x34 ./Drivers/STM32F4xx_HAL_Driver/Src/stm32f4xx_hal_tim_ex.o
 .ARM.attributes
                0x00000557       0x34 ./Drivers/STM32F4xx_HAL_Driver/Src/stm32f4xx_ll_fsmc.o
 .ARM.attributes
                0x0000058b       0x34 C:/ST/STM32CubeIDE_1.16.1/STM32CubeIDE/plugins/com.st.stm32cube.ide.mcu.externaltools.gnu-tools-for-stm32.12.3.rel1.win32_1.0.200.202406191623/tools/bin/../lib/gcc/arm-none-eabi/12.3.1/../../../../arm-none-eabi/lib/thumb/v7e-m+fp/hard\libc_nano.a(libc_a-memset.o)
 .ARM.attributes
                0x000005bf       0x34 C:/ST/STM32CubeIDE_1.16.1/STM32CubeIDE/plugins/com.st.stm32cube.ide.mcu.externaltools.gnu-tools-for-stm32.12.3.rel1.win32_1.0.200.202406191623/tools/bin/../lib/gcc/arm-none-eabi/12.3.1/../../../../arm-none-eabi/lib/thumb/v7e-m+fp/hard\libc_nano.a(libc_a-init.o)
 .ARM.attributes
                0x000005f3       0x22 C:/ST/STM32CubeIDE_1.16.1/STM32CubeIDE/plugins/com.st.stm32cube.ide.mcu.externaltools.gnu-tools-for-stm32.12.3.rel1.win32_1.0.200.202406191623/tools/bin/../lib/gcc/arm-none-eabi/12.3.1/thumb/v7e-m+fp/hard\libgcc.a(_aeabi_uldivmod.o)
 .ARM.attributes
                0x00000615       0x34 C:/ST/STM32CubeIDE_1.16.1/STM32CubeIDE/plugins/com.st.stm32cube.ide.mcu.externaltools.gnu-tools-for-stm32.12.3.rel1.win32_1.0.200.202406191623/tools/bin/../lib/gcc/arm-none-eabi/12.3.1/thumb/v7e-m+fp/hard\libgcc.a(_udivmoddi4.o)
 .ARM.attributes
                0x00000649       0x22 C:/ST/STM32CubeIDE_1.16.1/STM32CubeIDE/plugins/com.st.stm32cube.ide.mcu.externaltools.gnu-tools-for-stm32.12.3.rel1.win32_1.0.200.202406191623/tools/bin/../lib/gcc/arm-none-eabi/12.3.1/thumb/v7e-m+fp/hard\libgcc.a(_dvmd_tls.o)
 .ARM.attributes
                0x0000066b       0x22 C:/ST/STM32CubeIDE_1.16.1/STM32CubeIDE/plugins/com.st.stm32cube.ide.mcu.externaltools.gnu-tools-for-stm32.12.3.rel1.win32_1.0.200.202406191623/tools/bin/../lib/gcc/arm-none-eabi/12.3.1/thumb/v7e-m+fp/hard/crtn.o
OUTPUT(Bai4_I2C_Realtimeclock.elf elf32-littlearm)
LOAD linker stubs
LOAD C:/ST/STM32CubeIDE_1.16.1/STM32CubeIDE/plugins/com.st.stm32cube.ide.mcu.externaltools.gnu-tools-for-stm32.12.3.rel1.win32_1.0.200.202406191623/tools/bin/../lib/gcc/arm-none-eabi/12.3.1/../../../../arm-none-eabi/lib/thumb/v7e-m+fp/hard\libc.a
LOAD C:/ST/STM32CubeIDE_1.16.1/STM32CubeIDE/plugins/com.st.stm32cube.ide.mcu.externaltools.gnu-tools-for-stm32.12.3.rel1.win32_1.0.200.202406191623/tools/bin/../lib/gcc/arm-none-eabi/12.3.1/../../../../arm-none-eabi/lib/thumb/v7e-m+fp/hard\libm.a
LOAD C:/ST/STM32CubeIDE_1.16.1/STM32CubeIDE/plugins/com.st.stm32cube.ide.mcu.externaltools.gnu-tools-for-stm32.12.3.rel1.win32_1.0.200.202406191623/tools/bin/../lib/gcc/arm-none-eabi/12.3.1/thumb/v7e-m+fp/hard\libgcc.a

.debug_info     0x00000000    0x12690
 .debug_info    0x00000000      0x76e ./Core/Src/button.o
 .debug_info    0x0000076e      0x7d5 ./Core/Src/ds3231.o
 .debug_info    0x00000f43      0x99a ./Core/Src/fsmc.o
 .debug_info    0x000018dd      0x45d ./Core/Src/gpio.o
 .debug_info    0x00001d3a      0x968 ./Core/Src/i2c.o
 .debug_info    0x000026a2      0xe15 ./Core/Src/lcd.o
 .debug_info    0x000034b7      0x803 ./Core/Src/led_7seg.o
 .debug_info    0x00003cba      0xaff ./Core/Src/main.o
 .debug_info    0x000047b9      0x79b ./Core/Src/software_timer.o
 .debug_info    0x00004f54      0x943 ./Core/Src/spi.o
 .debug_info    0x00005897      0x269 ./Core/Src/stm32f4xx_hal_msp.o
 .debug_info    0x00005b00      0x6e1 ./Core/Src/stm32f4xx_it.o
 .debug_info    0x000061e1      0x512 ./Core/Src/system_stm32f4xx.o
 .debug_info    0x000066f3      0xbf9 ./Core/Src/tim.o
 .debug_info    0x000072ec       0xd5 ./Core/Src/utils.o
 .debug_info    0x000073c1       0x30 ./Core/Startup/startup_stm32f407zetx.o
 .debug_info    0x000073f1      0x948 ./Drivers/STM32F4xx_HAL_Driver/Src/stm32f4xx_hal.o
 .debug_info    0x00007d39      0xd46 ./Drivers/STM32F4xx_HAL_Driver/Src/stm32f4xx_hal_cortex.o
 .debug_info    0x00008a7f      0x6c3 ./Drivers/STM32F4xx_HAL_Driver/Src/stm32f4xx_hal_gpio.o
 .debug_info    0x00009142     0x23e1 ./Drivers/STM32F4xx_HAL_Driver/Src/stm32f4xx_hal_i2c.o
 .debug_info    0x0000b523      0x8b1 ./Drivers/STM32F4xx_HAL_Driver/Src/stm32f4xx_hal_rcc.o
 .debug_info    0x0000bdd4     0x15fb ./Drivers/STM32F4xx_HAL_Driver/Src/stm32f4xx_hal_spi.o
 .debug_info    0x0000d3cf      0xb3e ./Drivers/STM32F4xx_HAL_Driver/Src/stm32f4xx_hal_sram.o
 .debug_info    0x0000df0d     0x2949 ./Drivers/STM32F4xx_HAL_Driver/Src/stm32f4xx_hal_tim.o
 .debug_info    0x00010856     0x14ae ./Drivers/STM32F4xx_HAL_Driver/Src/stm32f4xx_hal_tim_ex.o
 .debug_info    0x00011d04      0x98c ./Drivers/STM32F4xx_HAL_Driver/Src/stm32f4xx_ll_fsmc.o

.debug_abbrev   0x00000000     0x32c5
 .debug_abbrev  0x00000000      0x1dd ./Core/Src/button.o
 .debug_abbrev  0x000001dd      0x1cf ./Core/Src/ds3231.o
 .debug_abbrev  0x000003ac      0x215 ./Core/Src/fsmc.o
 .debug_abbrev  0x000005c1      0x152 ./Core/Src/gpio.o
 .debug_abbrev  0x00000713      0x1f1 ./Core/Src/i2c.o
 .debug_abbrev  0x00000904      0x32a ./Core/Src/lcd.o
 .debug_abbrev  0x00000c2e      0x1cc ./Core/Src/led_7seg.o
 .debug_abbrev  0x00000dfa      0x30b ./Core/Src/main.o
 .debug_abbrev  0x00001105      0x21d ./Core/Src/software_timer.o
 .debug_abbrev  0x00001322      0x1f3 ./Core/Src/spi.o
 .debug_abbrev  0x00001515       0xd8 ./Core/Src/stm32f4xx_hal_msp.o
 .debug_abbrev  0x000015ed      0x192 ./Core/Src/stm32f4xx_it.o
 .debug_abbrev  0x0000177f      0x11a ./Core/Src/system_stm32f4xx.o
 .debug_abbrev  0x00001899      0x1f0 ./Core/Src/tim.o
 .debug_abbrev  0x00001a89       0x86 ./Core/Src/utils.o
 .debug_abbrev  0x00001b0f       0x24 ./Core/Startup/startup_stm32f407zetx.o
 .debug_abbrev  0x00001b33      0x213 ./Drivers/STM32F4xx_HAL_Driver/Src/stm32f4xx_hal.o
 .debug_abbrev  0x00001d46      0x327 ./Drivers/STM32F4xx_HAL_Driver/Src/stm32f4xx_hal_cortex.o
 .debug_abbrev  0x0000206d      0x1d4 ./Drivers/STM32F4xx_HAL_Driver/Src/stm32f4xx_hal_gpio.o
 .debug_abbrev  0x00002241      0x2ad ./Drivers/STM32F4xx_HAL_Driver/Src/stm32f4xx_hal_i2c.o
 .debug_abbrev  0x000024ee      0x2b6 ./Drivers/STM32F4xx_HAL_Driver/Src/stm32f4xx_hal_rcc.o
 .debug_abbrev  0x000027a4      0x284 ./Drivers/STM32F4xx_HAL_Driver/Src/stm32f4xx_hal_spi.o
 .debug_abbrev  0x00002a28      0x208 ./Drivers/STM32F4xx_HAL_Driver/Src/stm32f4xx_hal_sram.o
 .debug_abbrev  0x00002c30      0x271 ./Drivers/STM32F4xx_HAL_Driver/Src/stm32f4xx_hal_tim.o
 .debug_abbrev  0x00002ea1      0x27c ./Drivers/STM32F4xx_HAL_Driver/Src/stm32f4xx_hal_tim_ex.o
 .debug_abbrev  0x0000311d      0x1a8 ./Drivers/STM32F4xx_HAL_Driver/Src/stm32f4xx_ll_fsmc.o

.debug_aranges  0x00000000     0x1278
 .debug_aranges
                0x00000000       0x28 ./Core/Src/button.o
 .debug_aranges
                0x00000028       0x30 ./Core/Src/ds3231.o
 .debug_aranges
                0x00000058       0x40 ./Core/Src/fsmc.o
 .debug_aranges
                0x00000098       0x20 ./Core/Src/gpio.o
 .debug_aranges
                0x000000b8       0x30 ./Core/Src/i2c.o
 .debug_aranges
                0x000000e8       0xe8 ./Core/Src/lcd.o
 .debug_aranges
                0x000001d0       0x48 ./Core/Src/led_7seg.o
 .debug_aranges
                0x00000218       0xe8 ./Core/Src/main.o
 .debug_aranges
                0x00000300       0x40 ./Core/Src/software_timer.o
 .debug_aranges
                0x00000340       0x30 ./Core/Src/spi.o
 .debug_aranges
                0x00000370       0x20 ./Core/Src/stm32f4xx_hal_msp.o
 .debug_aranges
                0x00000390       0x68 ./Core/Src/stm32f4xx_it.o
 .debug_aranges
                0x000003f8       0x28 ./Core/Src/system_stm32f4xx.o
 .debug_aranges
                0x00000420       0x30 ./Core/Src/tim.o
 .debug_aranges
                0x00000450       0x28 ./Core/Src/utils.o
 .debug_aranges
                0x00000478       0x28 ./Core/Startup/startup_stm32f407zetx.o
 .debug_aranges
                0x000004a0       0xf0 ./Drivers/STM32F4xx_HAL_Driver/Src/stm32f4xx_hal.o
 .debug_aranges
                0x00000590      0x118 ./Drivers/STM32F4xx_HAL_Driver/Src/stm32f4xx_hal_cortex.o
 .debug_aranges
                0x000006a8       0x58 ./Drivers/STM32F4xx_HAL_Driver/Src/stm32f4xx_hal_gpio.o
 .debug_aranges
                0x00000700      0x2a0 ./Drivers/STM32F4xx_HAL_Driver/Src/stm32f4xx_hal_i2c.o
 .debug_aranges
                0x000009a0       0x88 ./Drivers/STM32F4xx_HAL_Driver/Src/stm32f4xx_hal_rcc.o
 .debug_aranges
                0x00000a28      0x1d0 ./Drivers/STM32F4xx_HAL_Driver/Src/stm32f4xx_hal_spi.o
 .debug_aranges
                0x00000bf8       0xa0 ./Drivers/STM32F4xx_HAL_Driver/Src/stm32f4xx_hal_sram.o
 .debug_aranges
                0x00000c98      0x3d0 ./Drivers/STM32F4xx_HAL_Driver/Src/stm32f4xx_hal_tim.o
 .debug_aranges
                0x00001068      0x168 ./Drivers/STM32F4xx_HAL_Driver/Src/stm32f4xx_hal_tim_ex.o
 .debug_aranges
                0x000011d0       0xa8 ./Drivers/STM32F4xx_HAL_Driver/Src/stm32f4xx_ll_fsmc.o

.debug_rnglists
                0x00000000      0xe4c
 .debug_rnglists
                0x00000000       0x1a ./Core/Src/button.o
 .debug_rnglists
                0x0000001a       0x21 ./Core/Src/ds3231.o
 .debug_rnglists
                0x0000003b       0x2d ./Core/Src/fsmc.o
 .debug_rnglists
                0x00000068       0x14 ./Core/Src/gpio.o
 .debug_rnglists
                0x0000007c       0x20 ./Core/Src/i2c.o
 .debug_rnglists
                0x0000009c       0xb5 ./Core/Src/lcd.o
 .debug_rnglists
                0x00000151       0x32 ./Core/Src/led_7seg.o
 .debug_rnglists
                0x00000183       0xb3 ./Core/Src/main.o
 .debug_rnglists
                0x00000236       0x2c ./Core/Src/software_timer.o
 .debug_rnglists
                0x00000262       0x20 ./Core/Src/spi.o
 .debug_rnglists
                0x00000282       0x13 ./Core/Src/stm32f4xx_hal_msp.o
 .debug_rnglists
                0x00000295       0x49 ./Core/Src/stm32f4xx_it.o
 .debug_rnglists
                0x000002de       0x1a ./Core/Src/system_stm32f4xx.o
 .debug_rnglists
                0x000002f8       0x20 ./Core/Src/tim.o
 .debug_rnglists
                0x00000318       0x19 ./Core/Src/utils.o
 .debug_rnglists
                0x00000331       0x19 ./Core/Startup/startup_stm32f407zetx.o
 .debug_rnglists
                0x0000034a       0xaf ./Drivers/STM32F4xx_HAL_Driver/Src/stm32f4xx_hal.o
 .debug_rnglists
                0x000003f9       0xce ./Drivers/STM32F4xx_HAL_Driver/Src/stm32f4xx_hal_cortex.o
 .debug_rnglists
                0x000004c7       0x3f ./Drivers/STM32F4xx_HAL_Driver/Src/stm32f4xx_hal_gpio.o
 .debug_rnglists
                0x00000506      0x23f ./Drivers/STM32F4xx_HAL_Driver/Src/stm32f4xx_hal_i2c.o
 .debug_rnglists
                0x00000745       0x66 ./Drivers/STM32F4xx_HAL_Driver/Src/stm32f4xx_hal_rcc.o
 .debug_rnglists
                0x000007ab      0x16f ./Drivers/STM32F4xx_HAL_Driver/Src/stm32f4xx_hal_spi.o
 .debug_rnglists
                0x0000091a       0x76 ./Drivers/STM32F4xx_HAL_Driver/Src/stm32f4xx_hal_sram.o
 .debug_rnglists
                0x00000990      0x31a ./Drivers/STM32F4xx_HAL_Driver/Src/stm32f4xx_hal_tim.o
 .debug_rnglists
                0x00000caa      0x125 ./Drivers/STM32F4xx_HAL_Driver/Src/stm32f4xx_hal_tim_ex.o
 .debug_rnglists
                0x00000dcf       0x7d ./Drivers/STM32F4xx_HAL_Driver/Src/stm32f4xx_ll_fsmc.o

.debug_macro    0x00000000    0x231cc
 .debug_macro   0x00000000      0x230 ./Core/Src/button.o
 .debug_macro   0x00000230      0xab4 ./Core/Src/button.o
 .debug_macro   0x00000ce4      0x2a7 ./Core/Src/button.o
 .debug_macro   0x00000f8b       0x2e ./Core/Src/button.o
 .debug_macro   0x00000fb9       0x2f ./Core/Src/button.o
 .debug_macro   0x00000fe8       0x22 ./Core/Src/button.o
 .debug_macro   0x0000100a       0x8e ./Core/Src/button.o
 .debug_macro   0x00001098       0x51 ./Core/Src/button.o
 .debug_macro   0x000010e9      0x103 ./Core/Src/button.o
 .debug_macro   0x000011ec       0x6a ./Core/Src/button.o
 .debug_macro   0x00001256      0x1df ./Core/Src/button.o
 .debug_macro   0x00001435       0x1c ./Core/Src/button.o
 .debug_macro   0x00001451       0x22 ./Core/Src/button.o
 .debug_macro   0x00001473       0xd9 ./Core/Src/button.o
 .debug_macro   0x0000154c     0x102d ./Core/Src/button.o
 .debug_macro   0x00002579      0x11f ./Core/Src/button.o
 .debug_macro   0x00002698    0x15e58 ./Core/Src/button.o
 .debug_macro   0x000184f0       0x6d ./Core/Src/button.o
 .debug_macro   0x0001855d     0x3666 ./Core/Src/button.o
 .debug_macro   0x0001bbc3      0x189 ./Core/Src/button.o
 .debug_macro   0x0001bd4c       0x5c ./Core/Src/button.o
 .debug_macro   0x0001bda8      0x96b ./Core/Src/button.o
 .debug_macro   0x0001c713      0x9fe ./Core/Src/button.o
 .debug_macro   0x0001d111      0x116 ./Core/Src/button.o
 .debug_macro   0x0001d227      0x13e ./Core/Src/button.o
 .debug_macro   0x0001d365       0xa5 ./Core/Src/button.o
 .debug_macro   0x0001d40a      0x174 ./Core/Src/button.o
 .debug_macro   0x0001d57e      0x287 ./Core/Src/button.o
 .debug_macro   0x0001d805       0x5f ./Core/Src/button.o
 .debug_macro   0x0001d864      0x236 ./Core/Src/button.o
 .debug_macro   0x0001da9a      0x12c ./Core/Src/button.o
 .debug_macro   0x0001dbc6      0x21e ./Core/Src/button.o
 .debug_macro   0x0001dde4       0x2e ./Core/Src/button.o
 .debug_macro   0x0001de12      0x543 ./Core/Src/button.o
 .debug_macro   0x0001e355      0x1b5 ./Core/Src/button.o
 .debug_macro   0x0001e50a       0xd6 ./Core/Src/button.o
 .debug_macro   0x0001e5e0      0x11a ./Core/Src/button.o
 .debug_macro   0x0001e6fa       0x7e ./Core/Src/button.o
 .debug_macro   0x0001e778       0x89 ./Core/Src/button.o
 .debug_macro   0x0001e801      0x225 ./Core/Src/button.o
 .debug_macro   0x0001ea26      0x8d1 ./Core/Src/button.o
 .debug_macro   0x0001f2f7       0x47 ./Core/Src/button.o
 .debug_macro   0x0001f33e      0x12d ./Core/Src/button.o
 .debug_macro   0x0001f46b       0x88 ./Core/Src/button.o
 .debug_macro   0x0001f4f3      0x23b ./Core/Src/ds3231.o
 .debug_macro   0x0001f72e       0x2e ./Core/Src/ds3231.o
 .debug_macro   0x0001f75c      0x21c ./Core/Src/fsmc.o
 .debug_macro   0x0001f978      0x21c ./Core/Src/gpio.o
 .debug_macro   0x0001fb94      0x21c ./Core/Src/i2c.o
 .debug_macro   0x0001fdb0      0x331 ./Core/Src/lcd.o
 .debug_macro   0x000200e1       0x2a ./Core/Src/lcd.o
 .debug_macro   0x0002010b       0x61 ./Core/Src/lcd.o
 .debug_macro   0x0002016c       0x43 ./Core/Src/lcd.o
 .debug_macro   0x000201af       0x34 ./Core/Src/lcd.o
 .debug_macro   0x000201e3       0x16 ./Core/Src/lcd.o
 .debug_macro   0x000201f9       0x35 ./Core/Src/lcd.o
 .debug_macro   0x0002022e       0x16 ./Core/Src/lcd.o
 .debug_macro   0x00020244       0x43 ./Core/Src/lcd.o
 .debug_macro   0x00020287       0x34 ./Core/Src/lcd.o
 .debug_macro   0x000202bb       0x10 ./Core/Src/lcd.o
 .debug_macro   0x000202cb       0x58 ./Core/Src/lcd.o
 .debug_macro   0x00020323       0x8e ./Core/Src/lcd.o
 .debug_macro   0x000203b1       0x1c ./Core/Src/lcd.o
 .debug_macro   0x000203cd      0x177 ./Core/Src/lcd.o
 .debug_macro   0x00020544      0x369 ./Core/Src/lcd.o
 .debug_macro   0x000208ad       0x16 ./Core/Src/lcd.o
 .debug_macro   0x000208c3       0x29 ./Core/Src/lcd.o
 .debug_macro   0x000208ec       0x16 ./Core/Src/lcd.o
 .debug_macro   0x00020902       0x20 ./Core/Src/lcd.o
 .debug_macro   0x00020922       0xca ./Core/Src/lcd.o
 .debug_macro   0x000209ec      0x226 ./Core/Src/led_7seg.o
 .debug_macro   0x00020c12      0x3b9 ./Core/Src/main.o
 .debug_macro   0x00020fcb      0x22c ./Core/Src/software_timer.o
 .debug_macro   0x000211f7      0x21c ./Core/Src/spi.o
 .debug_macro   0x00021413      0x212 ./Core/Src/stm32f4xx_hal_msp.o
 .debug_macro   0x00021625      0x21c ./Core/Src/stm32f4xx_it.o
 .debug_macro   0x00021841      0x203 ./Core/Src/system_stm32f4xx.o
 .debug_macro   0x00021a44      0x21c ./Core/Src/tim.o
 .debug_macro   0x00021c60       0x6d ./Core/Src/utils.o
 .debug_macro   0x00021ccd      0x263 ./Drivers/STM32F4xx_HAL_Driver/Src/stm32f4xx_hal.o
 .debug_macro   0x00021f30      0x203 ./Drivers/STM32F4xx_HAL_Driver/Src/stm32f4xx_hal_cortex.o
 .debug_macro   0x00022133      0x209 ./Drivers/STM32F4xx_HAL_Driver/Src/stm32f4xx_hal_gpio.o
 .debug_macro   0x0002233c      0x24a ./Drivers/STM32F4xx_HAL_Driver/Src/stm32f4xx_hal_i2c.o
 .debug_macro   0x00022586      0x227 ./Drivers/STM32F4xx_HAL_Driver/Src/stm32f4xx_hal_rcc.o
 .debug_macro   0x000227ad      0x212 ./Drivers/STM32F4xx_HAL_Driver/Src/stm32f4xx_hal_spi.o
 .debug_macro   0x000229bf      0x203 ./Drivers/STM32F4xx_HAL_Driver/Src/stm32f4xx_hal_sram.o
 .debug_macro   0x00022bc2      0x204 ./Drivers/STM32F4xx_HAL_Driver/Src/stm32f4xx_hal_tim.o
 .debug_macro   0x00022dc6      0x203 ./Drivers/STM32F4xx_HAL_Driver/Src/stm32f4xx_hal_tim_ex.o
 .debug_macro   0x00022fc9      0x203 ./Drivers/STM32F4xx_HAL_Driver/Src/stm32f4xx_ll_fsmc.o

.debug_line     0x00000000    0x17ecd
 .debug_line    0x00000000      0x839 ./Core/Src/button.o
 .debug_line    0x00000839      0x851 ./Core/Src/ds3231.o
 .debug_line    0x0000108a      0x8ae ./Core/Src/fsmc.o
 .debug_line    0x00001938      0x80c ./Core/Src/gpio.o
 .debug_line    0x00002144      0x817 ./Core/Src/i2c.o
 .debug_line    0x0000295b     0x10db ./Core/Src/lcd.o
 .debug_line    0x00003a36      0x8a6 ./Core/Src/led_7seg.o
 .debug_line    0x000042dc     0x10b3 ./Core/Src/main.o
 .debug_line    0x0000538f      0x864 ./Core/Src/software_timer.o
 .debug_line    0x00005bf3      0x81f ./Core/Src/spi.o
 .debug_line    0x00006412      0x7ae ./Core/Src/stm32f4xx_hal_msp.o
 .debug_line    0x00006bc0      0x888 ./Core/Src/stm32f4xx_it.o
 .debug_line    0x00007448      0x832 ./Core/Src/system_stm32f4xx.o
 .debug_line    0x00007c7a      0x81b ./Core/Src/tim.o
 .debug_line    0x00008495      0x44a ./Core/Src/utils.o
 .debug_line    0x000088df       0x7a ./Core/Startup/startup_stm32f407zetx.o
 .debug_line    0x00008959      0xa9b ./Drivers/STM32F4xx_HAL_Driver/Src/stm32f4xx_hal.o
 .debug_line    0x000093f4      0xd48 ./Drivers/STM32F4xx_HAL_Driver/Src/stm32f4xx_hal_cortex.o
 .debug_line    0x0000a13c      0xc29 ./Drivers/STM32F4xx_HAL_Driver/Src/stm32f4xx_hal_gpio.o
 .debug_line    0x0000ad65     0x3b38 ./Drivers/STM32F4xx_HAL_Driver/Src/stm32f4xx_hal_i2c.o
 .debug_line    0x0000e89d      0xe0e ./Drivers/STM32F4xx_HAL_Driver/Src/stm32f4xx_hal_rcc.o
 .debug_line    0x0000f6ab     0x1d4e ./Drivers/STM32F4xx_HAL_Driver/Src/stm32f4xx_hal_spi.o
 .debug_line    0x000113f9      0xc37 ./Drivers/STM32F4xx_HAL_Driver/Src/stm32f4xx_hal_sram.o
 .debug_line    0x00012030     0x37ab ./Drivers/STM32F4xx_HAL_Driver/Src/stm32f4xx_hal_tim.o
 .debug_line    0x000157db     0x1a92 ./Drivers/STM32F4xx_HAL_Driver/Src/stm32f4xx_hal_tim_ex.o
 .debug_line    0x0001726d      0xc60 ./Drivers/STM32F4xx_HAL_Driver/Src/stm32f4xx_ll_fsmc.o

.debug_str      0x00000000    0xcf9da
 .debug_str     0x00000000    0xc78c3 ./Core/Src/button.o
                              0xc7bd0 (size before relaxing)
 .debug_str     0x000c78c3      0x400 ./Core/Src/ds3231.o
                              0xc7d2e (size before relaxing)
 .debug_str     0x000c7cc3      0x3ef ./Core/Src/fsmc.o
                              0xc7d95 (size before relaxing)
 .debug_str     0x000c80b2       0x20 ./Core/Src/gpio.o
                              0xc7843 (size before relaxing)
 .debug_str     0x000c80d2       0x58 ./Core/Src/i2c.o
                              0xc7d72 (size before relaxing)
 .debug_str     0x000c812a     0x36f3 ./Core/Src/lcd.o
                              0xcae12 (size before relaxing)
 .debug_str     0x000cb81d       0xa9 ./Core/Src/led_7seg.o
                              0xc7c0d (size before relaxing)
 .debug_str     0x000cb8c6      0x3c7 ./Core/Src/main.o
                              0xcb250 (size before relaxing)
 .debug_str     0x000cbc8d      0x318 ./Core/Src/software_timer.o
                              0xc7cd7 (size before relaxing)
 .debug_str     0x000cbfa5       0x4b ./Core/Src/spi.o
                              0xc7ccf (size before relaxing)
 .debug_str     0x000cbff0       0x2c ./Core/Src/stm32f4xx_hal_msp.o
                              0xc7778 (size before relaxing)
 .debug_str     0x000cc01c       0xec ./Core/Src/stm32f4xx_it.o
                              0xc7c5c (size before relaxing)
 .debug_str     0x000cc108       0xdb ./Core/Src/system_stm32f4xx.o
                              0xc7606 (size before relaxing)
 .debug_str     0x000cc1e3      0x653 ./Core/Src/tim.o
                              0xc834d (size before relaxing)
 .debug_str     0x000cc836       0x14 ./Core/Src/utils.o
                               0x3d8d (size before relaxing)
 .debug_str     0x000cc84a       0x44 ./Core/Startup/startup_stm32f407zetx.o
                                 0xc9 (size before relaxing)
 .debug_str     0x000cc88e      0x603 ./Drivers/STM32F4xx_HAL_Driver/Src/stm32f4xx_hal.o
                              0xc818a (size before relaxing)
 .debug_str     0x000cce91      0x32d ./Drivers/STM32F4xx_HAL_Driver/Src/stm32f4xx_hal_cortex.o
                              0xc7ebd (size before relaxing)
 .debug_str     0x000cd1be      0x109 ./Drivers/STM32F4xx_HAL_Driver/Src/stm32f4xx_hal_gpio.o
                              0xc7781 (size before relaxing)
 .debug_str     0x000cd2c7      0xad6 ./Drivers/STM32F4xx_HAL_Driver/Src/stm32f4xx_hal_i2c.o
                              0xc85d1 (size before relaxing)
 .debug_str     0x000cdd9d      0x213 ./Drivers/STM32F4xx_HAL_Driver/Src/stm32f4xx_hal_rcc.o
                              0xc7a3a (size before relaxing)
 .debug_str     0x000cdfb0      0x544 ./Drivers/STM32F4xx_HAL_Driver/Src/stm32f4xx_hal_spi.o
                              0xc7eca (size before relaxing)
 .debug_str     0x000ce4f4      0x1a6 ./Drivers/STM32F4xx_HAL_Driver/Src/stm32f4xx_hal_sram.o
                              0xc7bad (size before relaxing)
 .debug_str     0x000ce69a      0xda8 ./Drivers/STM32F4xx_HAL_Driver/Src/stm32f4xx_hal_tim.o
                              0xc8980 (size before relaxing)
 .debug_str     0x000cf442      0x493 ./Drivers/STM32F4xx_HAL_Driver/Src/stm32f4xx_hal_tim_ex.o
                              0xc819c (size before relaxing)
 .debug_str     0x000cf8d5      0x105 ./Drivers/STM32F4xx_HAL_Driver/Src/stm32f4xx_ll_fsmc.o
                              0xc79b5 (size before relaxing)

.comment        0x00000000       0x43
 .comment       0x00000000       0x43 ./Core/Src/button.o
                                 0x44 (size before relaxing)
 .comment       0x00000043       0x44 ./Core/Src/ds3231.o
 .comment       0x00000043       0x44 ./Core/Src/fsmc.o
 .comment       0x00000043       0x44 ./Core/Src/gpio.o
 .comment       0x00000043       0x44 ./Core/Src/i2c.o
 .comment       0x00000043       0x44 ./Core/Src/lcd.o
 .comment       0x00000043       0x44 ./Core/Src/led_7seg.o
 .comment       0x00000043       0x44 ./Core/Src/main.o
 .comment       0x00000043       0x44 ./Core/Src/software_timer.o
 .comment       0x00000043       0x44 ./Core/Src/spi.o
 .comment       0x00000043       0x44 ./Core/Src/stm32f4xx_hal_msp.o
 .comment       0x00000043       0x44 ./Core/Src/stm32f4xx_it.o
 .comment       0x00000043       0x44 ./Core/Src/system_stm32f4xx.o
 .comment       0x00000043       0x44 ./Core/Src/tim.o
 .comment       0x00000043       0x44 ./Core/Src/utils.o
 .comment       0x00000043       0x44 ./Drivers/STM32F4xx_HAL_Driver/Src/stm32f4xx_hal.o
 .comment       0x00000043       0x44 ./Drivers/STM32F4xx_HAL_Driver/Src/stm32f4xx_hal_cortex.o
 .comment       0x00000043       0x44 ./Drivers/STM32F4xx_HAL_Driver/Src/stm32f4xx_hal_gpio.o
 .comment       0x00000043       0x44 ./Drivers/STM32F4xx_HAL_Driver/Src/stm32f4xx_hal_i2c.o
 .comment       0x00000043       0x44 ./Drivers/STM32F4xx_HAL_Driver/Src/stm32f4xx_hal_rcc.o
 .comment       0x00000043       0x44 ./Drivers/STM32F4xx_HAL_Driver/Src/stm32f4xx_hal_spi.o
 .comment       0x00000043       0x44 ./Drivers/STM32F4xx_HAL_Driver/Src/stm32f4xx_hal_sram.o
 .comment       0x00000043       0x44 ./Drivers/STM32F4xx_HAL_Driver/Src/stm32f4xx_hal_tim.o
 .comment       0x00000043       0x44 ./Drivers/STM32F4xx_HAL_Driver/Src/stm32f4xx_hal_tim_ex.o
 .comment       0x00000043       0x44 ./Drivers/STM32F4xx_HAL_Driver/Src/stm32f4xx_ll_fsmc.o

.debug_frame    0x00000000     0x4c2c
 .debug_frame   0x00000000       0x50 ./Core/Src/button.o
 .debug_frame   0x00000050       0x74 ./Core/Src/ds3231.o
 .debug_frame   0x000000c4       0xbc ./Core/Src/fsmc.o
 .debug_frame   0x00000180       0x34 ./Core/Src/gpio.o
 .debug_frame   0x000001b4       0x74 ./Core/Src/i2c.o
 .debug_frame   0x00000228      0x3e0 ./Core/Src/lcd.o
 .debug_frame   0x00000608       0xe8 ./Core/Src/led_7seg.o
 .debug_frame   0x000006f0      0x38c ./Core/Src/main.o
 .debug_frame   0x00000a7c       0xc0 ./Core/Src/software_timer.o
 .debug_frame   0x00000b3c       0x74 ./Core/Src/spi.o
 .debug_frame   0x00000bb0       0x38 ./Core/Src/stm32f4xx_hal_msp.o
 .debug_frame   0x00000be8      0x120 ./Core/Src/stm32f4xx_it.o
 .debug_frame   0x00000d08       0x58 ./Core/Src/system_stm32f4xx.o
 .debug_frame   0x00000d60       0x7c ./Core/Src/tim.o
 .debug_frame   0x00000ddc       0x60 ./Core/Src/utils.o
 .debug_frame   0x00000e3c      0x374 ./Drivers/STM32F4xx_HAL_Driver/Src/stm32f4xx_hal.o
 .debug_frame   0x000011b0      0x498 ./Drivers/STM32F4xx_HAL_Driver/Src/stm32f4xx_hal_cortex.o
 .debug_frame   0x00001648      0x14c ./Drivers/STM32F4xx_HAL_Driver/Src/stm32f4xx_hal_gpio.o
 .debug_frame   0x00001794      0xc5c ./Drivers/STM32F4xx_HAL_Driver/Src/stm32f4xx_hal_i2c.o
 .debug_frame   0x000023f0      0x1f4 ./Drivers/STM32F4xx_HAL_Driver/Src/stm32f4xx_hal_rcc.o
 .debug_frame   0x000025e4      0x824 ./Drivers/STM32F4xx_HAL_Driver/Src/stm32f4xx_hal_spi.o
 .debug_frame   0x00002e08      0x2a0 ./Drivers/STM32F4xx_HAL_Driver/Src/stm32f4xx_hal_sram.o
 .debug_frame   0x000030a8     0x11c4 ./Drivers/STM32F4xx_HAL_Driver/Src/stm32f4xx_hal_tim.o
 .debug_frame   0x0000426c      0x638 ./Drivers/STM32F4xx_HAL_Driver/Src/stm32f4xx_hal_tim_ex.o
 .debug_frame   0x000048a4      0x2dc ./Drivers/STM32F4xx_HAL_Driver/Src/stm32f4xx_ll_fsmc.o
 .debug_frame   0x00004b80       0x20 C:/ST/STM32CubeIDE_1.16.1/STM32CubeIDE/plugins/com.st.stm32cube.ide.mcu.externaltools.gnu-tools-for-stm32.12.3.rel1.win32_1.0.200.202406191623/tools/bin/../lib/gcc/arm-none-eabi/12.3.1/../../../../arm-none-eabi/lib/thumb/v7e-m+fp/hard\libc_nano.a(libc_a-memset.o)
 .debug_frame   0x00004ba0       0x2c C:/ST/STM32CubeIDE_1.16.1/STM32CubeIDE/plugins/com.st.stm32cube.ide.mcu.externaltools.gnu-tools-for-stm32.12.3.rel1.win32_1.0.200.202406191623/tools/bin/../lib/gcc/arm-none-eabi/12.3.1/../../../../arm-none-eabi/lib/thumb/v7e-m+fp/hard\libc_nano.a(libc_a-init.o)
 .debug_frame   0x00004bcc       0x2c C:/ST/STM32CubeIDE_1.16.1/STM32CubeIDE/plugins/com.st.stm32cube.ide.mcu.externaltools.gnu-tools-for-stm32.12.3.rel1.win32_1.0.200.202406191623/tools/bin/../lib/gcc/arm-none-eabi/12.3.1/thumb/v7e-m+fp/hard\libgcc.a(_aeabi_uldivmod.o)
 .debug_frame   0x00004bf8       0x34 C:/ST/STM32CubeIDE_1.16.1/STM32CubeIDE/plugins/com.st.stm32cube.ide.mcu.externaltools.gnu-tools-for-stm32.12.3.rel1.win32_1.0.200.202406191623/tools/bin/../lib/gcc/arm-none-eabi/12.3.1/thumb/v7e-m+fp/hard\libgcc.a(_udivmoddi4.o)

.debug_line_str
                0x00000000       0xad
 .debug_line_str
                0x00000000       0xad ./Core/Startup/startup_stm32f407zetx.o
