../Core/Src/main.c:89:6:setAlartInit	4	static
../Core/Src/main.c:109:5:main	40	static
../Core/Src/main.c:316:6:SystemClock_Config	88	static
../Core/Src/main.c:357:6:system_init	8	static
../Core/Src/main.c:369:6:test_LedDebug	8	static
../Core/Src/main.c:376:6:test_7seg	8	static
../Core/Src/main.c:382:6:test_button	16	static
../Core/Src/main.c:391:6:updateTime	24	static
../Core/Src/main.c:401:9:isButtonUp	4	static
../Core/Src/main.c:408:9:isButtonDown	4	static
../Core/Src/main.c:415:6:displayTime	32	static
../Core/Src/main.c:438:6:displayAlartTime	32	static
../Core/Src/main.c:461:6:toggleDisplayTime	32	static
../Core/Src/main.c:472:6:offSecond	24	static
../Core/Src/main.c:476:6:offMinute	24	static
../Core/Src/main.c:480:6:offHour	24	static
../Core/Src/main.c:484:6:offArticle	24	static
../Core/Src/main.c:488:6:offDay	24	static
../Core/Src/main.c:492:6:offMonth	24	static
../Core/Src/main.c:496:6:offYear	24	static
../Core/Src/main.c:500:6:checkTime	40	static
../Core/Src/main.c:532:6:checkTimeAlart	4	static
../Core/Src/main.c:563:6:setupAlart	8	static
../Core/Src/main.c:680:6:checkAlart	8	static
../Core/Src/main.c:706:6:alartNotify	24	static
../Core/Src/main.c:717:6:Error_Handler	4	static,ignoring_inline_asm
